
SQL> show user;
USER is "HR"
SQL> select * from employees;

EMPLOYEE_ID FIRST_NAME           LAST_NAME
----------- -------------------- -------------------------
EMAIL                     PHONE_NUMBER         HIRE_DATE JOB_ID         SALARY
------------------------- -------------------- --------- ---------- ----------
COMMISSION_PCT MANAGER_ID DEPARTMENT_ID
-------------- ---------- -------------
        100 Steven               King
SKING                     515.123.4567         17-JUN-03 AD_PRES         24000
                                     90

        101 Neena                Kochhar
NKOCHHAR                  515.123.4568         21-SEP-05 AD_VP           17000
                      100            90

EMPLOYEE_ID FIRST_NAME           LAST_NAME
----------- -------------------- -------------------------
EMAIL                     PHONE_NUMBER         HIRE_DATE JOB_ID         SALARY
------------------------- -------------------- --------- ---------- ----------
COMMISSION_PCT MANAGER_ID DEPARTMENT_ID
-------------- ---------- -------------

        102 Lex                  De Haan
LDEHAAN                   515.123.4569         13-JAN-01 AD_VP           17000
                      100            90

        103 Alexander            Hunold
AHUNOLD                   590.423.4567         03-JAN-06 IT_PROG          9000

EMPLOYEE_ID FIRST_NAME           LAST_NAME
----------- -------------------- -------------------------
EMAIL                     PHONE_NUMBER         HIRE_DATE JOB_ID         SALARY
------------------------- -------------------- --------- ---------- ----------
COMMISSION_PCT MANAGER_ID DEPARTMENT_ID
-------------- ---------- -------------
                      102            60

        104 Bruce                Ernst
BERNST                    590.423.4568         21-MAY-07 IT_PROG          6000
                      103            60

        105 David                Austin

EMPLOYEE_ID FIRST_NAME           LAST_NAME
----------- -------------------- -------------------------
EMAIL                     PHONE_NUMBER         HIRE_DATE JOB_ID         SALARY
------------------------- -------------------- --------- ---------- ----------
COMMISSION_PCT MANAGER_ID DEPARTMENT_ID
-------------- ---------- -------------
DAUSTIN                   590.423.4569         25-JUN-05 IT_PROG          4800
                      103            60

        106 Valli                Pataballa
VPATABAL                  590.423.4560         05-FEB-06 IT_PROG          4800
                      103            60


EMPLOYEE_ID FIRST_NAME           LAST_NAME
----------- -------------------- -------------------------
EMAIL                     PHONE_NUMBER         HIRE_DATE JOB_ID         SALARY
------------------------- -------------------- --------- ---------- ----------
COMMISSION_PCT MANAGER_ID DEPARTMENT_ID
-------------- ---------- -------------
        107 Diana                Lorentz
DLORENTZ                  590.423.5567         07-FEB-07 IT_PROG          4200
                      103            60

        108 Nancy                Greenberg
NGREENBE                  515.124.4569         17-AUG-02 FI_MGR          12008
                      101           100

EMPLOYEE_ID FIRST_NAME           LAST_NAME
----------- -------------------- -------------------------
EMAIL                     PHONE_NUMBER         HIRE_DATE JOB_ID         SALARY
------------------------- -------------------- --------- ---------- ----------
COMMISSION_PCT MANAGER_ID DEPARTMENT_ID
-------------- ---------- -------------

        109 Daniel               Faviet
DFAVIET                   515.124.4169         16-AUG-02 FI_ACCOUNT       9000
                      108           100

        110 John                 Chen
JCHEN                     515.124.4269         28-SEP-05 FI_ACCOUNT       8200

EMPLOYEE_ID FIRST_NAME           LAST_NAME
----------- -------------------- -------------------------
EMAIL                     PHONE_NUMBER         HIRE_DATE JOB_ID         SALARY
------------------------- -------------------- --------- ---------- ----------
COMMISSION_PCT MANAGER_ID DEPARTMENT_ID
-------------- ---------- -------------
                      108           100

        111 Ismael               Sciarra
ISCIARRA                  515.124.4369         30-SEP-05 FI_ACCOUNT       7700
                      108           100

        112 Jose Manuel          Urman

EMPLOYEE_ID FIRST_NAME           LAST_NAME
----------- -------------------- -------------------------
EMAIL                     PHONE_NUMBER         HIRE_DATE JOB_ID         SALARY
------------------------- -------------------- --------- ---------- ----------
COMMISSION_PCT MANAGER_ID DEPARTMENT_ID
-------------- ---------- -------------
JMURMAN                   515.124.4469         07-MAR-06 FI_ACCOUNT       7800
                      108           100

        113 Luis                 Popp
LPOPP                     515.124.4567         07-DEC-07 FI_ACCOUNT       6900
                      108           100


EMPLOYEE_ID FIRST_NAME           LAST_NAME
----------- -------------------- -------------------------
EMAIL                     PHONE_NUMBER         HIRE_DATE JOB_ID         SALARY
------------------------- -------------------- --------- ---------- ----------
COMMISSION_PCT MANAGER_ID DEPARTMENT_ID
-------------- ---------- -------------
        114 Den                  Raphaely
DRAPHEAL                  515.127.4561         07-DEC-02 PU_MAN          11000
                      100            30

        115 Alexander            Khoo
AKHOO                     515.127.4562         18-MAY-03 PU_CLERK         3100
                      114            30

EMPLOYEE_ID FIRST_NAME           LAST_NAME
----------- -------------------- -------------------------
EMAIL                     PHONE_NUMBER         HIRE_DATE JOB_ID         SALARY
------------------------- -------------------- --------- ---------- ----------
COMMISSION_PCT MANAGER_ID DEPARTMENT_ID
-------------- ---------- -------------

        116 Shelli               Baida
SBAIDA                    515.127.4563         24-DEC-05 PU_CLERK         2900
                      114            30

        117 Sigal                Tobias
STOBIAS                   515.127.4564         24-JUL-05 PU_CLERK         2800

EMPLOYEE_ID FIRST_NAME           LAST_NAME
----------- -------------------- -------------------------
EMAIL                     PHONE_NUMBER         HIRE_DATE JOB_ID         SALARY
------------------------- -------------------- --------- ---------- ----------
COMMISSION_PCT MANAGER_ID DEPARTMENT_ID
-------------- ---------- -------------
                      114            30

        118 Guy                  Himuro
GHIMURO                   515.127.4565         15-NOV-06 PU_CLERK         2600
                      114            30

        119 Karen                Colmenares

EMPLOYEE_ID FIRST_NAME           LAST_NAME
----------- -------------------- -------------------------
EMAIL                     PHONE_NUMBER         HIRE_DATE JOB_ID         SALARY
------------------------- -------------------- --------- ---------- ----------
COMMISSION_PCT MANAGER_ID DEPARTMENT_ID
-------------- ---------- -------------
KCOLMENA                  515.127.4566         10-AUG-07 PU_CLERK         2500
                      114            30

        120 Matthew              Weiss
MWEISS                    650.123.1234         18-JUL-04 ST_MAN           8000
                      100            50


EMPLOYEE_ID FIRST_NAME           LAST_NAME
----------- -------------------- -------------------------
EMAIL                     PHONE_NUMBER         HIRE_DATE JOB_ID         SALARY
------------------------- -------------------- --------- ---------- ----------
COMMISSION_PCT MANAGER_ID DEPARTMENT_ID
-------------- ---------- -------------
        121 Adam                 Fripp
AFRIPP                    650.123.2234         10-APR-05 ST_MAN           8200
                      100            50

        122 Payam                Kaufling
PKAUFLIN                  650.123.3234         01-MAY-03 ST_MAN           7900
                      100            50

EMPLOYEE_ID FIRST_NAME           LAST_NAME
----------- -------------------- -------------------------
EMAIL                     PHONE_NUMBER         HIRE_DATE JOB_ID         SALARY
------------------------- -------------------- --------- ---------- ----------
COMMISSION_PCT MANAGER_ID DEPARTMENT_ID
-------------- ---------- -------------

        123 Shanta               Vollman
SVOLLMAN                  650.123.4234         10-OCT-05 ST_MAN           6500
                      100            50

        124 Kevin                Mourgos
KMOURGOS                  650.123.5234         16-NOV-07 ST_MAN           5800

EMPLOYEE_ID FIRST_NAME           LAST_NAME
----------- -------------------- -------------------------
EMAIL                     PHONE_NUMBER         HIRE_DATE JOB_ID         SALARY
------------------------- -------------------- --------- ---------- ----------
COMMISSION_PCT MANAGER_ID DEPARTMENT_ID
-------------- ---------- -------------
                      100            50

        125 Julia                Nayer
JNAYER                    650.124.1214         16-JUL-05 ST_CLERK         3200
                      120            50

        126 Irene                Mikkilineni

EMPLOYEE_ID FIRST_NAME           LAST_NAME
----------- -------------------- -------------------------
EMAIL                     PHONE_NUMBER         HIRE_DATE JOB_ID         SALARY
------------------------- -------------------- --------- ---------- ----------
COMMISSION_PCT MANAGER_ID DEPARTMENT_ID
-------------- ---------- -------------
IMIKKILI                  650.124.1224         28-SEP-06 ST_CLERK         2700
                      120            50

        127 James                Landry
JLANDRY                   650.124.1334         14-JAN-07 ST_CLERK         2400
                      120            50


EMPLOYEE_ID FIRST_NAME           LAST_NAME
----------- -------------------- -------------------------
EMAIL                     PHONE_NUMBER         HIRE_DATE JOB_ID         SALARY
------------------------- -------------------- --------- ---------- ----------
COMMISSION_PCT MANAGER_ID DEPARTMENT_ID
-------------- ---------- -------------
        128 Steven               Markle
SMARKLE                   650.124.1434         08-MAR-08 ST_CLERK         2200
                      120            50

        129 Laura                Bissot
LBISSOT                   650.124.5234         20-AUG-05 ST_CLERK         3300
                      121            50

EMPLOYEE_ID FIRST_NAME           LAST_NAME
----------- -------------------- -------------------------
EMAIL                     PHONE_NUMBER         HIRE_DATE JOB_ID         SALARY
------------------------- -------------------- --------- ---------- ----------
COMMISSION_PCT MANAGER_ID DEPARTMENT_ID
-------------- ---------- -------------

        130 Mozhe                Atkinson
MATKINSO                  650.124.6234         30-OCT-05 ST_CLERK         2800
                      121            50

        131 James                Marlow
JAMRLOW                   650.124.7234         16-FEB-05 ST_CLERK         2500

EMPLOYEE_ID FIRST_NAME           LAST_NAME
----------- -------------------- -------------------------
EMAIL                     PHONE_NUMBER         HIRE_DATE JOB_ID         SALARY
------------------------- -------------------- --------- ---------- ----------
COMMISSION_PCT MANAGER_ID DEPARTMENT_ID
-------------- ---------- -------------
                      121            50

        132 TJ                   Olson
TJOLSON                   650.124.8234         10-APR-07 ST_CLERK         2100
                      121            50

        133 Jason                Mallin

EMPLOYEE_ID FIRST_NAME           LAST_NAME
----------- -------------------- -------------------------
EMAIL                     PHONE_NUMBER         HIRE_DATE JOB_ID         SALARY
------------------------- -------------------- --------- ---------- ----------
COMMISSION_PCT MANAGER_ID DEPARTMENT_ID
-------------- ---------- -------------
JMALLIN                   650.127.1934         14-JUN-04 ST_CLERK         3300
                      122            50

        134 Michael              Rogers
MROGERS                   650.127.1834         26-AUG-06 ST_CLERK         2900
                      122            50


EMPLOYEE_ID FIRST_NAME           LAST_NAME
----------- -------------------- -------------------------
EMAIL                     PHONE_NUMBER         HIRE_DATE JOB_ID         SALARY
------------------------- -------------------- --------- ---------- ----------
COMMISSION_PCT MANAGER_ID DEPARTMENT_ID
-------------- ---------- -------------
        135 Ki                   Gee
KGEE                      650.127.1734         12-DEC-07 ST_CLERK         2400
                      122            50

        136 Hazel                Philtanker
HPHILTAN                  650.127.1634         06-FEB-08 ST_CLERK         2200
                      122            50

EMPLOYEE_ID FIRST_NAME           LAST_NAME
----------- -------------------- -------------------------
EMAIL                     PHONE_NUMBER         HIRE_DATE JOB_ID         SALARY
------------------------- -------------------- --------- ---------- ----------
COMMISSION_PCT MANAGER_ID DEPARTMENT_ID
-------------- ---------- -------------

        137 Renske               Ladwig
RLADWIG                   650.121.1234         14-JUL-03 ST_CLERK         3600
                      123            50

        138 Stephen              Stiles
SSTILES                   650.121.2034         26-OCT-05 ST_CLERK         3200

EMPLOYEE_ID FIRST_NAME           LAST_NAME
----------- -------------------- -------------------------
EMAIL                     PHONE_NUMBER         HIRE_DATE JOB_ID         SALARY
------------------------- -------------------- --------- ---------- ----------
COMMISSION_PCT MANAGER_ID DEPARTMENT_ID
-------------- ---------- -------------
                      123            50

        139 John                 Seo
JSEO                      650.121.2019         12-FEB-06 ST_CLERK         2700
                      123            50

        140 Joshua               Patel

EMPLOYEE_ID FIRST_NAME           LAST_NAME
----------- -------------------- -------------------------
EMAIL                     PHONE_NUMBER         HIRE_DATE JOB_ID         SALARY
------------------------- -------------------- --------- ---------- ----------
COMMISSION_PCT MANAGER_ID DEPARTMENT_ID
-------------- ---------- -------------
JPATEL                    650.121.1834         06-APR-06 ST_CLERK         2500
                      123            50

        141 Trenna               Rajs
TRAJS                     650.121.8009         17-OCT-03 ST_CLERK         3500
                      124            50


EMPLOYEE_ID FIRST_NAME           LAST_NAME
----------- -------------------- -------------------------
EMAIL                     PHONE_NUMBER         HIRE_DATE JOB_ID         SALARY
------------------------- -------------------- --------- ---------- ----------
COMMISSION_PCT MANAGER_ID DEPARTMENT_ID
-------------- ---------- -------------
        142 Curtis               Davies
CDAVIES                   650.121.2994         29-JAN-05 ST_CLERK         3100
                      124            50

        143 Randall              Matos
RMATOS                    650.121.2874         15-MAR-06 ST_CLERK         2600
                      124            50

EMPLOYEE_ID FIRST_NAME           LAST_NAME
----------- -------------------- -------------------------
EMAIL                     PHONE_NUMBER         HIRE_DATE JOB_ID         SALARY
------------------------- -------------------- --------- ---------- ----------
COMMISSION_PCT MANAGER_ID DEPARTMENT_ID
-------------- ---------- -------------

        144 Peter                Vargas
PVARGAS                   650.121.2004         09-JUL-06 ST_CLERK         2500
                      124            50

        145 John                 Russell
JRUSSEL                   011.44.1344.429268   01-OCT-04 SA_MAN          14000

EMPLOYEE_ID FIRST_NAME           LAST_NAME
----------- -------------------- -------------------------
EMAIL                     PHONE_NUMBER         HIRE_DATE JOB_ID         SALARY
------------------------- -------------------- --------- ---------- ----------
COMMISSION_PCT MANAGER_ID DEPARTMENT_ID
-------------- ---------- -------------
            .4        100            80

        146 Karen                Partners
KPARTNER                  011.44.1344.467268   05-JAN-05 SA_MAN          13500
            .3        100            80

        147 Alberto              Errazuriz

EMPLOYEE_ID FIRST_NAME           LAST_NAME
----------- -------------------- -------------------------
EMAIL                     PHONE_NUMBER         HIRE_DATE JOB_ID         SALARY
------------------------- -------------------- --------- ---------- ----------
COMMISSION_PCT MANAGER_ID DEPARTMENT_ID
-------------- ---------- -------------
AERRAZUR                  011.44.1344.429278   10-MAR-05 SA_MAN          12000
            .3        100            80

        148 Gerald               Cambrault
GCAMBRAU                  011.44.1344.619268   15-OCT-07 SA_MAN          11000
            .3        100            80


EMPLOYEE_ID FIRST_NAME           LAST_NAME
----------- -------------------- -------------------------
EMAIL                     PHONE_NUMBER         HIRE_DATE JOB_ID         SALARY
------------------------- -------------------- --------- ---------- ----------
COMMISSION_PCT MANAGER_ID DEPARTMENT_ID
-------------- ---------- -------------
        149 Eleni                Zlotkey
EZLOTKEY                  011.44.1344.429018   29-JAN-08 SA_MAN          10500
            .2        100            80

        150 Peter                Tucker
PTUCKER                   011.44.1344.129268   30-JAN-05 SA_REP          10000
            .3        145            80

EMPLOYEE_ID FIRST_NAME           LAST_NAME
----------- -------------------- -------------------------
EMAIL                     PHONE_NUMBER         HIRE_DATE JOB_ID         SALARY
------------------------- -------------------- --------- ---------- ----------
COMMISSION_PCT MANAGER_ID DEPARTMENT_ID
-------------- ---------- -------------

        151 David                Bernstein
DBERNSTE                  011.44.1344.345268   24-MAR-05 SA_REP           9500
           .25        145            80

        152 Peter                Hall
PHALL                     011.44.1344.478968   20-AUG-05 SA_REP           9000

EMPLOYEE_ID FIRST_NAME           LAST_NAME
----------- -------------------- -------------------------
EMAIL                     PHONE_NUMBER         HIRE_DATE JOB_ID         SALARY
------------------------- -------------------- --------- ---------- ----------
COMMISSION_PCT MANAGER_ID DEPARTMENT_ID
-------------- ---------- -------------
           .25        145            80

        153 Christopher          Olsen
COLSEN                    011.44.1344.498718   30-MAR-06 SA_REP           8000
            .2        145            80

        154 Nanette              Cambrault

EMPLOYEE_ID FIRST_NAME           LAST_NAME
----------- -------------------- -------------------------
EMAIL                     PHONE_NUMBER         HIRE_DATE JOB_ID         SALARY
------------------------- -------------------- --------- ---------- ----------
COMMISSION_PCT MANAGER_ID DEPARTMENT_ID
-------------- ---------- -------------
NCAMBRAU                  011.44.1344.987668   09-DEC-06 SA_REP           7500
            .2        145            80

        155 Oliver               Tuvault
OTUVAULT                  011.44.1344.486508   23-NOV-07 SA_REP           7000
           .15        145            80


EMPLOYEE_ID FIRST_NAME           LAST_NAME
----------- -------------------- -------------------------
EMAIL                     PHONE_NUMBER         HIRE_DATE JOB_ID         SALARY
------------------------- -------------------- --------- ---------- ----------
COMMISSION_PCT MANAGER_ID DEPARTMENT_ID
-------------- ---------- -------------
        156 Janette              King
JKING                     011.44.1345.429268   30-JAN-04 SA_REP          10000
           .35        146            80

        157 Patrick              Sully
PSULLY                    011.44.1345.929268   04-MAR-04 SA_REP           9500
           .35        146            80

EMPLOYEE_ID FIRST_NAME           LAST_NAME
----------- -------------------- -------------------------
EMAIL                     PHONE_NUMBER         HIRE_DATE JOB_ID         SALARY
------------------------- -------------------- --------- ---------- ----------
COMMISSION_PCT MANAGER_ID DEPARTMENT_ID
-------------- ---------- -------------

        158 Allan                McEwen
AMCEWEN                   011.44.1345.829268   01-AUG-04 SA_REP           9000
           .35        146            80

        159 Lindsey              Smith
LSMITH                    011.44.1345.729268   10-MAR-05 SA_REP           8000

EMPLOYEE_ID FIRST_NAME           LAST_NAME
----------- -------------------- -------------------------
EMAIL                     PHONE_NUMBER         HIRE_DATE JOB_ID         SALARY
------------------------- -------------------- --------- ---------- ----------
COMMISSION_PCT MANAGER_ID DEPARTMENT_ID
-------------- ---------- -------------
            .3        146            80

        160 Louise               Doran
LDORAN                    011.44.1345.629268   15-DEC-05 SA_REP           7500
            .3        146            80

        161 Sarath               Sewall

EMPLOYEE_ID FIRST_NAME           LAST_NAME
----------- -------------------- -------------------------
EMAIL                     PHONE_NUMBER         HIRE_DATE JOB_ID         SALARY
------------------------- -------------------- --------- ---------- ----------
COMMISSION_PCT MANAGER_ID DEPARTMENT_ID
-------------- ---------- -------------
SSEWALL                   011.44.1345.529268   03-NOV-06 SA_REP           7000
           .25        146            80

        162 Clara                Vishney
CVISHNEY                  011.44.1346.129268   11-NOV-05 SA_REP          10500
           .25        147            80


EMPLOYEE_ID FIRST_NAME           LAST_NAME
----------- -------------------- -------------------------
EMAIL                     PHONE_NUMBER         HIRE_DATE JOB_ID         SALARY
------------------------- -------------------- --------- ---------- ----------
COMMISSION_PCT MANAGER_ID DEPARTMENT_ID
-------------- ---------- -------------
        163 Danielle             Greene
DGREENE                   011.44.1346.229268   19-MAR-07 SA_REP           9500
           .15        147            80

        164 Mattea               Marvins
MMARVINS                  011.44.1346.329268   24-JAN-08 SA_REP           7200
            .1        147            80

EMPLOYEE_ID FIRST_NAME           LAST_NAME
----------- -------------------- -------------------------
EMAIL                     PHONE_NUMBER         HIRE_DATE JOB_ID         SALARY
------------------------- -------------------- --------- ---------- ----------
COMMISSION_PCT MANAGER_ID DEPARTMENT_ID
-------------- ---------- -------------

        165 David                Lee
DLEE                      011.44.1346.529268   23-FEB-08 SA_REP           6800
            .1        147            80

        166 Sundar               Ande
SANDE                     011.44.1346.629268   24-MAR-08 SA_REP           6400

EMPLOYEE_ID FIRST_NAME           LAST_NAME
----------- -------------------- -------------------------
EMAIL                     PHONE_NUMBER         HIRE_DATE JOB_ID         SALARY
------------------------- -------------------- --------- ---------- ----------
COMMISSION_PCT MANAGER_ID DEPARTMENT_ID
-------------- ---------- -------------
            .1        147            80

        167 Amit                 Banda
ABANDA                    011.44.1346.729268   21-APR-08 SA_REP           6200
            .1        147            80

        168 Lisa                 Ozer

EMPLOYEE_ID FIRST_NAME           LAST_NAME
----------- -------------------- -------------------------
EMAIL                     PHONE_NUMBER         HIRE_DATE JOB_ID         SALARY
------------------------- -------------------- --------- ---------- ----------
COMMISSION_PCT MANAGER_ID DEPARTMENT_ID
-------------- ---------- -------------
LOZER                     011.44.1343.929268   11-MAR-05 SA_REP          11500
           .25        148            80

        169 Harrison             Bloom
HBLOOM                    011.44.1343.829268   23-MAR-06 SA_REP          10000
            .2        148            80


EMPLOYEE_ID FIRST_NAME           LAST_NAME
----------- -------------------- -------------------------
EMAIL                     PHONE_NUMBER         HIRE_DATE JOB_ID         SALARY
------------------------- -------------------- --------- ---------- ----------
COMMISSION_PCT MANAGER_ID DEPARTMENT_ID
-------------- ---------- -------------
        170 Tayler               Fox
TFOX                      011.44.1343.729268   24-JAN-06 SA_REP           9600
            .2        148            80

        171 William              Smith
WSMITH                    011.44.1343.629268   23-FEB-07 SA_REP           7400
           .15        148            80

EMPLOYEE_ID FIRST_NAME           LAST_NAME
----------- -------------------- -------------------------
EMAIL                     PHONE_NUMBER         HIRE_DATE JOB_ID         SALARY
------------------------- -------------------- --------- ---------- ----------
COMMISSION_PCT MANAGER_ID DEPARTMENT_ID
-------------- ---------- -------------

        172 Elizabeth            Bates
EBATES                    011.44.1343.529268   24-MAR-07 SA_REP           7300
           .15        148            80

        173 Sundita              Kumar
SKUMAR                    011.44.1343.329268   21-APR-08 SA_REP           6100

EMPLOYEE_ID FIRST_NAME           LAST_NAME
----------- -------------------- -------------------------
EMAIL                     PHONE_NUMBER         HIRE_DATE JOB_ID         SALARY
------------------------- -------------------- --------- ---------- ----------
COMMISSION_PCT MANAGER_ID DEPARTMENT_ID
-------------- ---------- -------------
            .1        148            80

        174 Ellen                Abel
EABEL                     011.44.1644.429267   11-MAY-04 SA_REP          11000
            .3        149            80

        175 Alyssa               Hutton

EMPLOYEE_ID FIRST_NAME           LAST_NAME
----------- -------------------- -------------------------
EMAIL                     PHONE_NUMBER         HIRE_DATE JOB_ID         SALARY
------------------------- -------------------- --------- ---------- ----------
COMMISSION_PCT MANAGER_ID DEPARTMENT_ID
-------------- ---------- -------------
AHUTTON                   011.44.1644.429266   19-MAR-05 SA_REP           8800
           .25        149            80

        176 Jonathon             Taylor
JTAYLOR                   011.44.1644.429265   24-MAR-06 SA_REP           8600
            .2        149            80


EMPLOYEE_ID FIRST_NAME           LAST_NAME
----------- -------------------- -------------------------
EMAIL                     PHONE_NUMBER         HIRE_DATE JOB_ID         SALARY
------------------------- -------------------- --------- ---------- ----------
COMMISSION_PCT MANAGER_ID DEPARTMENT_ID
-------------- ---------- -------------
        177 Jack                 Livingston
JLIVINGS                  011.44.1644.429264   23-APR-06 SA_REP           8400
            .2        149            80

        178 Kimberely            Grant
KGRANT                    011.44.1644.429263   24-MAY-07 SA_REP           7000
           .15        149

EMPLOYEE_ID FIRST_NAME           LAST_NAME
----------- -------------------- -------------------------
EMAIL                     PHONE_NUMBER         HIRE_DATE JOB_ID         SALARY
------------------------- -------------------- --------- ---------- ----------
COMMISSION_PCT MANAGER_ID DEPARTMENT_ID
-------------- ---------- -------------

        179 Charles              Johnson
CJOHNSON                  011.44.1644.429262   04-JAN-08 SA_REP           6200
            .1        149            80

        180 Winston              Taylor
WTAYLOR                   650.507.9876         24-JAN-06 SH_CLERK         3200

EMPLOYEE_ID FIRST_NAME           LAST_NAME
----------- -------------------- -------------------------
EMAIL                     PHONE_NUMBER         HIRE_DATE JOB_ID         SALARY
------------------------- -------------------- --------- ---------- ----------
COMMISSION_PCT MANAGER_ID DEPARTMENT_ID
-------------- ---------- -------------
                      120            50

        181 Jean                 Fleaur
JFLEAUR                   650.507.9877         23-FEB-06 SH_CLERK         3100
                      120            50

        182 Martha               Sullivan

EMPLOYEE_ID FIRST_NAME           LAST_NAME
----------- -------------------- -------------------------
EMAIL                     PHONE_NUMBER         HIRE_DATE JOB_ID         SALARY
------------------------- -------------------- --------- ---------- ----------
COMMISSION_PCT MANAGER_ID DEPARTMENT_ID
-------------- ---------- -------------
MSULLIVA                  650.507.9878         21-JUN-07 SH_CLERK         2500
                      120            50

        183 Girard               Geoni
GGEONI                    650.507.9879         03-FEB-08 SH_CLERK         2800
                      120            50


EMPLOYEE_ID FIRST_NAME           LAST_NAME
----------- -------------------- -------------------------
EMAIL                     PHONE_NUMBER         HIRE_DATE JOB_ID         SALARY
------------------------- -------------------- --------- ---------- ----------
COMMISSION_PCT MANAGER_ID DEPARTMENT_ID
-------------- ---------- -------------
        184 Nandita              Sarchand
NSARCHAN                  650.509.1876         27-JAN-04 SH_CLERK         4200
                      121            50

        185 Alexis               Bull
ABULL                     650.509.2876         20-FEB-05 SH_CLERK         4100
                      121            50

EMPLOYEE_ID FIRST_NAME           LAST_NAME
----------- -------------------- -------------------------
EMAIL                     PHONE_NUMBER         HIRE_DATE JOB_ID         SALARY
------------------------- -------------------- --------- ---------- ----------
COMMISSION_PCT MANAGER_ID DEPARTMENT_ID
-------------- ---------- -------------

        186 Julia                Dellinger
JDELLING                  650.509.3876         24-JUN-06 SH_CLERK         3400
                      121            50

        187 Anthony              Cabrio
ACABRIO                   650.509.4876         07-FEB-07 SH_CLERK         3000

EMPLOYEE_ID FIRST_NAME           LAST_NAME
----------- -------------------- -------------------------
EMAIL                     PHONE_NUMBER         HIRE_DATE JOB_ID         SALARY
------------------------- -------------------- --------- ---------- ----------
COMMISSION_PCT MANAGER_ID DEPARTMENT_ID
-------------- ---------- -------------
                      121            50

        188 Kelly                Chung
KCHUNG                    650.505.1876         14-JUN-05 SH_CLERK         3800
                      122            50

        189 Jennifer             Dilly

EMPLOYEE_ID FIRST_NAME           LAST_NAME
----------- -------------------- -------------------------
EMAIL                     PHONE_NUMBER         HIRE_DATE JOB_ID         SALARY
------------------------- -------------------- --------- ---------- ----------
COMMISSION_PCT MANAGER_ID DEPARTMENT_ID
-------------- ---------- -------------
JDILLY                    650.505.2876         13-AUG-05 SH_CLERK         3600
                      122            50

        190 Timothy              Gates
TGATES                    650.505.3876         11-JUL-06 SH_CLERK         2900
                      122            50


EMPLOYEE_ID FIRST_NAME           LAST_NAME
----------- -------------------- -------------------------
EMAIL                     PHONE_NUMBER         HIRE_DATE JOB_ID         SALARY
------------------------- -------------------- --------- ---------- ----------
COMMISSION_PCT MANAGER_ID DEPARTMENT_ID
-------------- ---------- -------------
        191 Randall              Perkins
RPERKINS                  650.505.4876         19-DEC-07 SH_CLERK         2500
                      122            50

        192 Sarah                Bell
SBELL                     650.501.1876         04-FEB-04 SH_CLERK         4000
                      123            50

EMPLOYEE_ID FIRST_NAME           LAST_NAME
----------- -------------------- -------------------------
EMAIL                     PHONE_NUMBER         HIRE_DATE JOB_ID         SALARY
------------------------- -------------------- --------- ---------- ----------
COMMISSION_PCT MANAGER_ID DEPARTMENT_ID
-------------- ---------- -------------

        193 Britney              Everett
BEVERETT                  650.501.2876         03-MAR-05 SH_CLERK         3900
                      123            50

        194 Samuel               McCain
SMCCAIN                   650.501.3876         01-JUL-06 SH_CLERK         3200

EMPLOYEE_ID FIRST_NAME           LAST_NAME
----------- -------------------- -------------------------
EMAIL                     PHONE_NUMBER         HIRE_DATE JOB_ID         SALARY
------------------------- -------------------- --------- ---------- ----------
COMMISSION_PCT MANAGER_ID DEPARTMENT_ID
-------------- ---------- -------------
                      123            50

        195 Vance                Jones
VJONES                    650.501.4876         17-MAR-07 SH_CLERK         2800
                      123            50

        196 Alana                Walsh

EMPLOYEE_ID FIRST_NAME           LAST_NAME
----------- -------------------- -------------------------
EMAIL                     PHONE_NUMBER         HIRE_DATE JOB_ID         SALARY
------------------------- -------------------- --------- ---------- ----------
COMMISSION_PCT MANAGER_ID DEPARTMENT_ID
-------------- ---------- -------------
AWALSH                    650.507.9811         24-APR-06 SH_CLERK         3100
                      124            50

        197 Kevin                Feeney
KFEENEY                   650.507.9822         23-MAY-06 SH_CLERK         3000
                      124            50


EMPLOYEE_ID FIRST_NAME           LAST_NAME
----------- -------------------- -------------------------
EMAIL                     PHONE_NUMBER         HIRE_DATE JOB_ID         SALARY
------------------------- -------------------- --------- ---------- ----------
COMMISSION_PCT MANAGER_ID DEPARTMENT_ID
-------------- ---------- -------------
        198 Donald               OConnell
DOCONNEL                  650.507.9833         21-JUN-07 SH_CLERK         2600
                      124            50

        199 Douglas              Grant
DGRANT                    650.507.9844         13-JAN-08 SH_CLERK         2600
                      124            50

EMPLOYEE_ID FIRST_NAME           LAST_NAME
----------- -------------------- -------------------------
EMAIL                     PHONE_NUMBER         HIRE_DATE JOB_ID         SALARY
------------------------- -------------------- --------- ---------- ----------
COMMISSION_PCT MANAGER_ID DEPARTMENT_ID
-------------- ---------- -------------

        200 Jennifer             Whalen
JWHALEN                   515.123.4444         17-SEP-03 AD_ASST          4400
                      101            10

        201 Michael              Hartstein
MHARTSTE                  515.123.5555         17-FEB-04 MK_MAN          13000

EMPLOYEE_ID FIRST_NAME           LAST_NAME
----------- -------------------- -------------------------
EMAIL                     PHONE_NUMBER         HIRE_DATE JOB_ID         SALARY
------------------------- -------------------- --------- ---------- ----------
COMMISSION_PCT MANAGER_ID DEPARTMENT_ID
-------------- ---------- -------------
                      100            20

        202 Pat                  Fay
PFAY                      603.123.6666         17-AUG-05 MK_REP           6000
                      201            20

        203 Susan                Mavris

EMPLOYEE_ID FIRST_NAME           LAST_NAME
----------- -------------------- -------------------------
EMAIL                     PHONE_NUMBER         HIRE_DATE JOB_ID         SALARY
------------------------- -------------------- --------- ---------- ----------
COMMISSION_PCT MANAGER_ID DEPARTMENT_ID
-------------- ---------- -------------
SMAVRIS                   515.123.7777         07-JUN-02 HR_REP           6500
                      101            40

        204 Hermann              Baer
HBAER                     515.123.8888         07-JUN-02 PR_REP          10000
                      101            70


EMPLOYEE_ID FIRST_NAME           LAST_NAME
----------- -------------------- -------------------------
EMAIL                     PHONE_NUMBER         HIRE_DATE JOB_ID         SALARY
------------------------- -------------------- --------- ---------- ----------
COMMISSION_PCT MANAGER_ID DEPARTMENT_ID
-------------- ---------- -------------
        205 Shelley              Higgins
SHIGGINS                  515.123.8080         07-JUN-02 AC_MGR          12008
                      101           110

        206 William              Gietz
WGIETZ                    515.123.8181         07-JUN-02 AC_ACCOUNT       8300
                      205           110

EMPLOYEE_ID FIRST_NAME           LAST_NAME
----------- -------------------- -------------------------
EMAIL                     PHONE_NUMBER         HIRE_DATE JOB_ID         SALARY
------------------------- -------------------- --------- ---------- ----------
COMMISSION_PCT MANAGER_ID DEPARTMENT_ID
-------------- ---------- -------------


107 rows selected.

SQL> select first_name,job_id,salary,hire_date
  2  from employees
  3  where to_char(hire_date,'yyyy')=2000
  4  ;

no rows selected

SQL> select first_name,job_id,salary,hire_date
  2  from employees
  3  where to_char(hire_date,'yyyy')=2001
  4  and job_id(select job_id from jobs where max_salary>1000);
and job_id(select job_id from jobs where max_salary>1000)
           *
ERROR at line 4:
ORA-00936: missing expression


SQL> select first_name,job_id,salary,hire_date
  2  from employees
  3  where to_char(hire_date,'yyyy')=2001
  4  and job_id in(select job_id from jobs where max_salary>1000);

FIRST_NAME           JOB_ID         SALARY HIRE_DATE
-------------------- ---------- ---------- ---------
Lex                  AD_VP           17000 13-JAN-01

SQL> select * from departments
  2  where manager_id in
  3  (select employee_id
  4    from employees where upper(first_name) like '%MICHAEL%')
  5  ;

DEPARTMENT_ID DEPARTMENT_NAME                MANAGER_ID LOCATION_ID
------------- ------------------------------ ---------- -----------
           20 Marketing                             201        1800

SQL> SELECT * FROM JOBS WHERE MIN_SALARY<
  2  (SELECT SALARY FROM EMPLOYEES
  3  WHERE EMPLOYEE_ID=105);

JOB_ID     JOB_TITLE                           MIN_SALARY MAX_SALARY
---------- ----------------------------------- ---------- ----------
AD_ASST    Administration Assistant                  3000       6000
FI_ACCOUNT Accountant                                4200       9000
AC_ACCOUNT Public Accountant                         4200       9000
PU_CLERK   Purchasing Clerk                          2500       5500
ST_CLERK   Stock Clerk                               2008       5000
SH_CLERK   Shipping Clerk                            2500       5500
IT_PROG    Programmer                                4000      10000
MK_REP     Marketing Representative                  4000       9000
HR_REP     Human Resources Representative            4000       9000
PR_REP     Public Relations Representative           4500      10500

10 rows selected.

SQL> select e1.first name employee,e2.first name manager from employees e1,employees e2
  2  where e1.manager.id=e2.employee_id;
select e1.first name employee,e2.first name manager from employees e1,employees e2
                     *
ERROR at line 1:
ORA-00923: FROM keyword not found where expected


SQL> select e1.first name employee,e2.first name manager from employees e1,employees e2
  2  where e1.manager_id=e2.employee_id;
select e1.first name employee,e2.first name manager from employees e1,employees e2
                     *
ERROR at line 1:
ORA-00923: FROM keyword not found where expected


SQL> select to_char(hire_date,'yyyy'),count(*) from employees
  2  where department_id=30
  3  group by to_char(hire_date,'yyyy');

TO_C   COUNT(*)
---- ----------
2003          1
2005          2
2007          1
2002          1
2006          1

SQL> select department_id department,job_id job,sum(salary) totalsalary
  2  from employees
  3  group by cube(department_id,job_id)
  4  order by department_id,job_id;

DEPARTMENT JOB        TOTALSALARY
---------- ---------- -----------
        10 AD_ASST           4400
        10                   4400
        20 MK_MAN           13000
        20 MK_REP            6000
        20                  19000
        30 PU_CLERK         13900
        30 PU_MAN           11000
        30                  24900
        40 HR_REP            6500
        40                   6500
        50 SH_CLERK         64300

DEPARTMENT JOB        TOTALSALARY
---------- ---------- -----------
        50 ST_CLERK         55700
        50 ST_MAN           36400
        50                 156400
        60 IT_PROG          28800
        60                  28800
        70 PR_REP           10000
        70                  10000
        80 SA_MAN           61000
        80 SA_REP          243500
        80                 304500
        90 AD_PRES          24000

DEPARTMENT JOB        TOTALSALARY
---------- ---------- -----------
        90 AD_VP            34000
        90                  58000
       100 FI_ACCOUNT       39600
       100 FI_MGR           12008
       100                  51608
       110 AC_ACCOUNT        8300
       110 AC_MGR           12008
       110                  20308
           AC_ACCOUNT        8300
           AC_MGR           12008
           AD_ASST           4400

DEPARTMENT JOB        TOTALSALARY
---------- ---------- -----------
           AD_PRES          24000
           AD_VP            34000
           FI_ACCOUNT       39600
           FI_MGR           12008
           HR_REP            6500
           IT_PROG          28800
           MK_MAN           13000
           MK_REP            6000
           PR_REP           10000
           PU_CLERK         13900
           PU_MAN           11000

DEPARTMENT JOB        TOTALSALARY
---------- ---------- -----------
           SA_MAN           61000
           SA_REP            7000
           SA_REP          250500
           SH_CLERK         64300
           ST_CLERK         55700
           ST_MAN           36400
                             7000
                           691416

52 rows selected.

SQL> select first_name,job_title
  2  from employees e,jobs j
  3  where salary between min_salary and max_salary
  4  order by first_name;

FIRST_NAME           JOB_TITLE
-------------------- -----------------------------------
Adam                 Finance Manager
Adam                 Purchasing Manager
Adam                 Sales Representative
Adam                 Stock Manager
Adam                 Public Relations Representative
Adam                 Public Accountant
Adam                 Accountant
Adam                 Marketing Representative
Adam                 Human Resources Representative
Adam                 Programmer
Adam                 Accounting Manager

FIRST_NAME           JOB_TITLE
-------------------- -----------------------------------
Alana                Stock Clerk
Alana                Shipping Clerk
Alana                Purchasing Clerk
Alana                Administration Assistant
Alberto              Accounting Manager
Alberto              Sales Manager
Alberto              Purchasing Manager
Alberto              Finance Manager
Alberto              Marketing Manager
Alberto              Sales Representative
Alexander            Accounting Manager

FIRST_NAME           JOB_TITLE
-------------------- -----------------------------------
Alexander            Finance Manager
Alexander            Marketing Manager
Alexander            Stock Clerk
Alexander            Shipping Clerk
Alexander            Purchasing Clerk
Alexander            Administration Assistant
Alexander            Programmer
Alexander            Human Resources Representative
Alexander            Marketing Representative
Alexander            Accountant
Alexander            Public Accountant

FIRST_NAME           JOB_TITLE
-------------------- -----------------------------------
Alexander            Public Relations Representative
Alexander            Sales Representative
Alexander            Purchasing Manager
Alexis               Purchasing Clerk
Alexis               Administration Assistant
Alexis               Shipping Clerk
Alexis               Marketing Representative
Alexis               Human Resources Representative
Alexis               Stock Clerk
Alexis               Programmer
Allan                Marketing Manager

FIRST_NAME           JOB_TITLE
-------------------- -----------------------------------
Allan                Finance Manager
Allan                Accounting Manager
Allan                Human Resources Representative
Allan                Purchasing Manager
Allan                Sales Representative
Allan                Public Relations Representative
Allan                Public Accountant
Allan                Accountant
Allan                Marketing Representative
Allan                Programmer
Alyssa               Human Resources Representative

FIRST_NAME           JOB_TITLE
-------------------- -----------------------------------
Alyssa               Accounting Manager
Alyssa               Programmer
Alyssa               Purchasing Manager
Alyssa               Public Relations Representative
Alyssa               Sales Representative
Alyssa               Public Accountant
Alyssa               Accountant
Alyssa               Marketing Representative
Alyssa               Finance Manager
Amit                 Programmer
Amit                 Marketing Representative

FIRST_NAME           JOB_TITLE
-------------------- -----------------------------------
Amit                 Human Resources Representative
Amit                 Public Accountant
Amit                 Sales Representative
Amit                 Public Relations Representative
Amit                 Accountant
Amit                 Stock Manager
Anthony              Administration Assistant
Anthony              Purchasing Clerk
Anthony              Shipping Clerk
Anthony              Stock Clerk
Britney              Administration Assistant

FIRST_NAME           JOB_TITLE
-------------------- -----------------------------------
Britney              Purchasing Clerk
Britney              Shipping Clerk
Britney              Stock Clerk
Bruce                Accountant
Bruce                Public Accountant
Bruce                Public Relations Representative
Bruce                Stock Manager
Bruce                Marketing Representative
Bruce                Sales Representative
Bruce                Programmer
Bruce                Administration Assistant

FIRST_NAME           JOB_TITLE
-------------------- -----------------------------------
Bruce                Human Resources Representative
Charles              Stock Manager
Charles              Public Relations Representative
Charles              Human Resources Representative
Charles              Public Accountant
Charles              Sales Representative
Charles              Accountant
Charles              Programmer
Charles              Marketing Representative
Christopher          Public Relations Representative
Christopher          Public Accountant

FIRST_NAME           JOB_TITLE
-------------------- -----------------------------------
Christopher          Accountant
Christopher          Marketing Representative
Christopher          Human Resources Representative
Christopher          Programmer
Christopher          Stock Manager
Christopher          Purchasing Manager
Christopher          Sales Representative
Clara                Public Relations Representative
Clara                Marketing Manager
Clara                Sales Manager
Clara                Finance Manager

FIRST_NAME           JOB_TITLE
-------------------- -----------------------------------
Clara                Accounting Manager
Clara                Sales Representative
Clara                Purchasing Manager
Curtis               Stock Clerk
Curtis               Shipping Clerk
Curtis               Purchasing Clerk
Curtis               Administration Assistant
Daniel               Purchasing Manager
Daniel               Marketing Manager
Daniel               Marketing Representative
Daniel               Finance Manager

FIRST_NAME           JOB_TITLE
-------------------- -----------------------------------
Daniel               Public Relations Representative
Daniel               Accountant
Daniel               Public Accountant
Daniel               Accounting Manager
Daniel               Human Resources Representative
Daniel               Sales Representative
Daniel               Programmer
Danielle             Purchasing Manager
Danielle             Sales Representative
Danielle             Accounting Manager
Danielle             Marketing Manager

FIRST_NAME           JOB_TITLE
-------------------- -----------------------------------
Danielle             Finance Manager
Danielle             Public Relations Representative
Danielle             Programmer
David                Public Accountant
David                Public Accountant
David                Public Relations Representative
David                Public Relations Representative
David                Public Relations Representative
David                Stock Manager
David                Accountant
David                Accountant

FIRST_NAME           JOB_TITLE
-------------------- -----------------------------------
David                Marketing Representative
David                Marketing Representative
David                Sales Representative
David                Human Resources Representative
David                Sales Representative
David                Programmer
David                Programmer
David                Programmer
David                Administration Assistant
David                Purchasing Manager
David                Purchasing Clerk

FIRST_NAME           JOB_TITLE
-------------------- -----------------------------------
David                Accounting Manager
David                Shipping Clerk
David                Finance Manager
David                Stock Clerk
David                Marketing Manager
David                Human Resources Representative
Den                  Marketing Manager
Den                  Sales Manager
Den                  Finance Manager
Den                  Accounting Manager
Den                  Purchasing Manager

FIRST_NAME           JOB_TITLE
-------------------- -----------------------------------
Den                  Sales Representative
Diana                Administration Assistant
Diana                Public Accountant
Diana                Purchasing Clerk
Diana                Stock Clerk
Diana                Accountant
Diana                Marketing Representative
Diana                Human Resources Representative
Diana                Programmer
Diana                Shipping Clerk
Donald               Shipping Clerk

FIRST_NAME           JOB_TITLE
-------------------- -----------------------------------
Donald               Stock Clerk
Donald               Purchasing Clerk
Douglas              Shipping Clerk
Douglas              Stock Clerk
Douglas              Purchasing Clerk
Eleni                Accounting Manager
Eleni                Finance Manager
Eleni                Purchasing Manager
Eleni                Marketing Manager
Eleni                Sales Representative
Eleni                Public Relations Representative

FIRST_NAME           JOB_TITLE
-------------------- -----------------------------------
Eleni                Sales Manager
Elizabeth            Sales Representative
Elizabeth            Stock Manager
Elizabeth            Public Relations Representative
Elizabeth            Public Accountant
Elizabeth            Accountant
Elizabeth            Marketing Representative
Elizabeth            Programmer
Elizabeth            Human Resources Representative
Ellen                Purchasing Manager
Ellen                Finance Manager

FIRST_NAME           JOB_TITLE
-------------------- -----------------------------------
Ellen                Sales Representative
Ellen                Marketing Manager
Ellen                Sales Manager
Ellen                Accounting Manager
Gerald               Purchasing Manager
Gerald               Sales Representative
Gerald               Finance Manager
Gerald               Marketing Manager
Gerald               Accounting Manager
Gerald               Sales Manager
Girard               Shipping Clerk

FIRST_NAME           JOB_TITLE
-------------------- -----------------------------------
Girard               Stock Clerk
Girard               Purchasing Clerk
Guy                  Shipping Clerk
Guy                  Stock Clerk
Guy                  Purchasing Clerk
Harrison             Sales Representative
Harrison             Marketing Manager
Harrison             Sales Manager
Harrison             Finance Manager
Harrison             Purchasing Manager
Harrison             Accounting Manager

FIRST_NAME           JOB_TITLE
-------------------- -----------------------------------
Harrison             Public Relations Representative
Harrison             Programmer
Hazel                Stock Clerk
Hermann              Sales Manager
Hermann              Marketing Manager
Hermann              Finance Manager
Hermann              Accounting Manager
Hermann              Purchasing Manager
Hermann              Sales Representative
Hermann              Public Relations Representative
Hermann              Programmer

FIRST_NAME           JOB_TITLE
-------------------- -----------------------------------
Irene                Stock Clerk
Irene                Purchasing Clerk
Irene                Shipping Clerk
Ismael               Accountant
Ismael               Public Accountant
Ismael               Public Relations Representative
Ismael               Stock Manager
Ismael               Sales Representative
Ismael               Human Resources Representative
Ismael               Programmer
Ismael               Marketing Representative

FIRST_NAME           JOB_TITLE
-------------------- -----------------------------------
Jack                 Human Resources Representative
Jack                 Programmer
Jack                 Marketing Representative
Jack                 Purchasing Manager
Jack                 Finance Manager
Jack                 Accountant
Jack                 Stock Manager
Jack                 Accounting Manager
Jack                 Public Relations Representative
Jack                 Public Accountant
Jack                 Sales Representative

FIRST_NAME           JOB_TITLE
-------------------- -----------------------------------
James                Purchasing Clerk
James                Shipping Clerk
James                Stock Clerk
James                Stock Clerk
Janette              Sales Representative
Janette              Marketing Manager
Janette              Finance Manager
Janette              Sales Manager
Janette              Accounting Manager
Janette              Purchasing Manager
Janette              Programmer

FIRST_NAME           JOB_TITLE
-------------------- -----------------------------------
Janette              Public Relations Representative
Jason                Shipping Clerk
Jason                Stock Clerk
Jason                Purchasing Clerk
Jason                Administration Assistant
Jean                 Stock Clerk
Jean                 Shipping Clerk
Jean                 Purchasing Clerk
Jean                 Administration Assistant
Jennifer             Stock Clerk
Jennifer             Stock Clerk

FIRST_NAME           JOB_TITLE
-------------------- -----------------------------------
Jennifer             Shipping Clerk
Jennifer             Shipping Clerk
Jennifer             Purchasing Clerk
Jennifer             Purchasing Clerk
Jennifer             Administration Assistant
Jennifer             Administration Assistant
Jennifer             Programmer
Jennifer             Human Resources Representative
Jennifer             Marketing Representative
Jennifer             Accountant
Jennifer             Public Accountant

FIRST_NAME           JOB_TITLE
-------------------- -----------------------------------
John                 Stock Clerk
John                 Marketing Manager
John                 Finance Manager
John                 Finance Manager
John                 Accounting Manager
John                 Accounting Manager
John                 Purchasing Manager
John                 Purchasing Manager
John                 Sales Representative
John                 Stock Manager
John                 Public Relations Representative

FIRST_NAME           JOB_TITLE
-------------------- -----------------------------------
John                 Public Accountant
John                 Accountant
John                 Marketing Representative
John                 Human Resources Representative
John                 Programmer
John                 Purchasing Clerk
John                 Shipping Clerk
John                 Sales Manager
Jonathon             Public Relations Representative
Jonathon             Accounting Manager
Jonathon             Finance Manager

FIRST_NAME           JOB_TITLE
-------------------- -----------------------------------
Jonathon             Programmer
Jonathon             Public Accountant
Jonathon             Purchasing Manager
Jonathon             Accountant
Jonathon             Human Resources Representative
Jonathon             Sales Representative
Jonathon             Marketing Representative
Jose Manuel          Programmer
Jose Manuel          Stock Manager
Jose Manuel          Human Resources Representative
Jose Manuel          Public Accountant

FIRST_NAME           JOB_TITLE
-------------------- -----------------------------------
Jose Manuel          Accountant
Jose Manuel          Sales Representative
Jose Manuel          Marketing Representative
Jose Manuel          Public Relations Representative
Joshua               Stock Clerk
Joshua               Shipping Clerk
Joshua               Purchasing Clerk
Julia                Shipping Clerk
Julia                Shipping Clerk
Julia                Administration Assistant
Julia                Purchasing Clerk

FIRST_NAME           JOB_TITLE
-------------------- -----------------------------------
Julia                Stock Clerk
Julia                Stock Clerk
Julia                Administration Assistant
Julia                Purchasing Clerk
Karen                Stock Clerk
Karen                Marketing Manager
Karen                Finance Manager
Karen                Accounting Manager
Karen                Purchasing Manager
Karen                Purchasing Clerk
Karen                Shipping Clerk

FIRST_NAME           JOB_TITLE
-------------------- -----------------------------------
Karen                Sales Manager
Kelly                Administration Assistant
Kelly                Shipping Clerk
Kelly                Purchasing Clerk
Kelly                Stock Clerk
Kevin                Human Resources Representative
Kevin                Marketing Representative
Kevin                Programmer
Kevin                Administration Assistant
Kevin                Administration Assistant
Kevin                Purchasing Clerk

FIRST_NAME           JOB_TITLE
-------------------- -----------------------------------
Kevin                Stock Manager
Kevin                Stock Clerk
Kevin                Shipping Clerk
Kevin                Public Relations Representative
Kevin                Public Accountant
Kevin                Accountant
Ki                   Stock Clerk
Kimberely            Sales Representative
Kimberely            Human Resources Representative
Kimberely            Programmer
Kimberely            Marketing Representative

FIRST_NAME           JOB_TITLE
-------------------- -----------------------------------
Kimberely            Stock Manager
Kimberely            Accountant
Kimberely            Public Relations Representative
Kimberely            Public Accountant
Laura                Stock Clerk
Laura                Shipping Clerk
Laura                Purchasing Clerk
Laura                Administration Assistant
Lex                  Sales Manager
Lex                  Administration Vice President
Lindsey              Marketing Representative

FIRST_NAME           JOB_TITLE
-------------------- -----------------------------------
Lindsey              Public Accountant
Lindsey              Human Resources Representative
Lindsey              Stock Manager
Lindsey              Programmer
Lindsey              Purchasing Manager
Lindsey              Public Relations Representative
Lindsey              Sales Representative
Lindsey              Accountant
Lisa                 Purchasing Manager
Lisa                 Accounting Manager
Lisa                 Marketing Manager

FIRST_NAME           JOB_TITLE
-------------------- -----------------------------------
Lisa                 Sales Manager
Lisa                 Sales Representative
Lisa                 Finance Manager
Louise               Sales Representative
Louise               Stock Manager
Louise               Public Relations Representative
Louise               Public Accountant
Louise               Accountant
Louise               Marketing Representative
Louise               Human Resources Representative
Louise               Programmer

FIRST_NAME           JOB_TITLE
-------------------- -----------------------------------
Luis                 Stock Manager
Luis                 Public Relations Representative
Luis                 Public Accountant
Luis                 Accountant
Luis                 Marketing Representative
Luis                 Human Resources Representative
Luis                 Programmer
Luis                 Sales Representative
Martha               Shipping Clerk
Martha               Stock Clerk
Martha               Purchasing Clerk

FIRST_NAME           JOB_TITLE
-------------------- -----------------------------------
Mattea               Public Relations Representative
Mattea               Stock Manager
Mattea               Public Accountant
Mattea               Accountant
Mattea               Marketing Representative
Mattea               Human Resources Representative
Mattea               Programmer
Mattea               Sales Representative
Matthew              Public Accountant
Matthew              Human Resources Representative
Matthew              Programmer

FIRST_NAME           JOB_TITLE
-------------------- -----------------------------------
Matthew              Marketing Representative
Matthew              Sales Representative
Matthew              Accountant
Matthew              Public Relations Representative
Matthew              Purchasing Manager
Matthew              Stock Manager
Michael              Purchasing Clerk
Michael              Shipping Clerk
Michael              Stock Clerk
Michael              Marketing Manager
Michael              Sales Manager

FIRST_NAME           JOB_TITLE
-------------------- -----------------------------------
Michael              Finance Manager
Michael              Purchasing Manager
Michael              Accounting Manager
Mozhe                Stock Clerk
Mozhe                Shipping Clerk
Mozhe                Purchasing Clerk
Nancy                Sales Representative
Nancy                Finance Manager
Nancy                Purchasing Manager
Nancy                Sales Manager
Nancy                Accounting Manager

FIRST_NAME           JOB_TITLE
-------------------- -----------------------------------
Nancy                Marketing Manager
Nandita              Accountant
Nandita              Public Accountant
Nandita              Marketing Representative
Nandita              Human Resources Representative
Nandita              Programmer
Nandita              Administration Assistant
Nandita              Purchasing Clerk
Nandita              Stock Clerk
Nandita              Shipping Clerk
Nanette              Stock Manager

FIRST_NAME           JOB_TITLE
-------------------- -----------------------------------
Nanette              Sales Representative
Nanette              Public Accountant
Nanette              Accountant
Nanette              Public Relations Representative
Nanette              Human Resources Representative
Nanette              Programmer
Nanette              Marketing Representative
Neena                Sales Manager
Neena                Administration Vice President
Oliver               Programmer
Oliver               Human Resources Representative

FIRST_NAME           JOB_TITLE
-------------------- -----------------------------------
Oliver               Marketing Representative
Oliver               Sales Representative
Oliver               Public Accountant
Oliver               Public Relations Representative
Oliver               Stock Manager
Oliver               Accountant
Pat                  Public Relations Representative
Pat                  Programmer
Pat                  Marketing Representative
Pat                  Human Resources Representative
Pat                  Administration Assistant

FIRST_NAME           JOB_TITLE
-------------------- -----------------------------------
Pat                  Accountant
Pat                  Sales Representative
Pat                  Public Accountant
Pat                  Stock Manager
Patrick              Sales Representative
Patrick              Finance Manager
Patrick              Purchasing Manager
Patrick              Programmer
Patrick              Public Relations Representative
Patrick              Accounting Manager
Patrick              Marketing Manager

FIRST_NAME           JOB_TITLE
-------------------- -----------------------------------
Payam                Public Relations Representative
Payam                Human Resources Representative
Payam                Stock Manager
Payam                Sales Representative
Payam                Programmer
Payam                Accountant
Payam                Public Accountant
Payam                Marketing Representative
Peter                Marketing Manager
Peter                Marketing Manager
Peter                Finance Manager

FIRST_NAME           JOB_TITLE
-------------------- -----------------------------------
Peter                Finance Manager
Peter                Accounting Manager
Peter                Accounting Manager
Peter                Purchasing Manager
Peter                Purchasing Manager
Peter                Sales Representative
Peter                Sales Representative
Peter                Public Relations Representative
Peter                Public Relations Representative
Peter                Public Accountant
Peter                Accountant

FIRST_NAME           JOB_TITLE
-------------------- -----------------------------------
Peter                Marketing Representative
Peter                Human Resources Representative
Peter                Programmer
Peter                Programmer
Peter                Purchasing Clerk
Peter                Sales Manager
Peter                Stock Clerk
Peter                Shipping Clerk
Randall              Stock Clerk
Randall              Stock Clerk
Randall              Shipping Clerk

FIRST_NAME           JOB_TITLE
-------------------- -----------------------------------
Randall              Purchasing Clerk
Randall              Purchasing Clerk
Randall              Shipping Clerk
Renske               Shipping Clerk
Renske               Administration Assistant
Renske               Purchasing Clerk
Renske               Stock Clerk
Samuel               Stock Clerk
Samuel               Purchasing Clerk
Samuel               Shipping Clerk
Samuel               Administration Assistant

FIRST_NAME           JOB_TITLE
-------------------- -----------------------------------
Sarah                Programmer
Sarah                Marketing Representative
Sarah                Administration Assistant
Sarah                Shipping Clerk
Sarah                Stock Clerk
Sarah                Human Resources Representative
Sarah                Purchasing Clerk
Sarath               Programmer
Sarath               Human Resources Representative
Sarath               Stock Manager
Sarath               Public Relations Representative

FIRST_NAME           JOB_TITLE
-------------------- -----------------------------------
Sarath               Public Accountant
Sarath               Accountant
Sarath               Marketing Representative
Sarath               Sales Representative
Shanta               Public Accountant
Shanta               Sales Representative
Shanta               Accountant
Shanta               Public Relations Representative
Shanta               Marketing Representative
Shanta               Programmer
Shanta               Stock Manager

FIRST_NAME           JOB_TITLE
-------------------- -----------------------------------
Shanta               Human Resources Representative
Shelley              Accounting Manager
Shelley              Finance Manager
Shelley              Marketing Manager
Shelley              Sales Manager
Shelley              Sales Representative
Shelley              Purchasing Manager
Shelli               Purchasing Clerk
Shelli               Shipping Clerk
Shelli               Stock Clerk
Sigal                Stock Clerk

FIRST_NAME           JOB_TITLE
-------------------- -----------------------------------
Sigal                Shipping Clerk
Sigal                Purchasing Clerk
Stephen              Administration Assistant
Stephen              Shipping Clerk
Stephen              Purchasing Clerk
Stephen              Stock Clerk
Steven               President
Steven               Administration Vice President
Steven               Stock Clerk
Sundar               Sales Representative
Sundar               Stock Manager

FIRST_NAME           JOB_TITLE
-------------------- -----------------------------------
Sundar               Public Relations Representative
Sundar               Public Accountant
Sundar               Accountant
Sundar               Marketing Representative
Sundar               Human Resources Representative
Sundar               Programmer
Sundita              Accountant
Sundita              Sales Representative
Sundita              Human Resources Representative
Sundita              Marketing Representative
Sundita              Stock Manager

FIRST_NAME           JOB_TITLE
-------------------- -----------------------------------
Sundita              Public Relations Representative
Sundita              Public Accountant
Sundita              Programmer
Susan                Human Resources Representative
Susan                Public Accountant
Susan                Stock Manager
Susan                Programmer
Susan                Accountant
Susan                Sales Representative
Susan                Public Relations Representative
Susan                Marketing Representative

FIRST_NAME           JOB_TITLE
-------------------- -----------------------------------
TJ                   Stock Clerk
Tayler               Public Relations Representative
Tayler               Programmer
Tayler               Finance Manager
Tayler               Accounting Manager
Tayler               Marketing Manager
Tayler               Purchasing Manager
Tayler               Sales Representative
Timothy              Purchasing Clerk
Timothy              Shipping Clerk
Timothy              Stock Clerk

FIRST_NAME           JOB_TITLE
-------------------- -----------------------------------
Trenna               Purchasing Clerk
Trenna               Shipping Clerk
Trenna               Stock Clerk
Trenna               Administration Assistant
Valli                Administration Assistant
Valli                Public Accountant
Valli                Accountant
Valli                Stock Clerk
Valli                Shipping Clerk
Valli                Purchasing Clerk
Valli                Public Relations Representative

FIRST_NAME           JOB_TITLE
-------------------- -----------------------------------
Valli                Programmer
Valli                Human Resources Representative
Valli                Marketing Representative
Vance                Shipping Clerk
Vance                Purchasing Clerk
Vance                Stock Clerk
William              Accountant
William              Accounting Manager
William              Purchasing Manager
William              Sales Representative
William              Programmer

FIRST_NAME           JOB_TITLE
-------------------- -----------------------------------
William              Programmer
William              Human Resources Representative
William              Human Resources Representative
William              Marketing Representative
William              Marketing Representative
William              Accountant
William              Finance Manager
William              Public Accountant
William              Public Accountant
William              Public Relations Representative
William              Public Relations Representative

FIRST_NAME           JOB_TITLE
-------------------- -----------------------------------
William              Stock Manager
William              Stock Manager
William              Sales Representative
Winston              Administration Assistant
Winston              Purchasing Clerk
Winston              Shipping Clerk
Winston              Stock Clerk

645 rows selected.

SQL> select count(commission_pct) NoEmployeesWithCommission,
  2   count(*)-count(commission_pct) NoEmployeesWithoutCommission
  3  from employees;

NOEMPLOYEESWITHCOMMISSION NOEMPLOYEESWITHOUTCOMMISSION
------------------------- ----------------------------
                       35                           72

SQL> select first_name,job_title,department_name
  2  from employees e,jobs j,department d
  3  from employees;;
from employees;
*
ERROR at line 3:
ORA-00933: SQL command not properly ended


SQL> select first_name,job_title,department_name
  2  from employees e,jobs j,departments d
  3  where e.job_id=j.job_id and e.department_id=d.department_id
  4  and to_char(hire_date,'ddmm')='2802';

no rows selected

SQL> select first_name,job_title,department_name
  2  from employees e,jobs j,departments d
  3  where e.job_id=j.job_id and e.department_id=d.department_id
  4  and to_char(hire_date,'ddmm')='1708';

FIRST_NAME           JOB_TITLE
-------------------- -----------------------------------
DEPARTMENT_NAME
------------------------------
Nancy                Finance Manager
Finance

Pat                  Marketing Representative
Marketing


SQL> select * from jobs where min_salary>10000;

JOB_ID     JOB_TITLE                           MIN_SALARY MAX_SALARY
---------- ----------------------------------- ---------- ----------
AD_PRES    President                                20080      40000
AD_VP      Administration Vice President            15000      30000

SQL> select first_name,hire_date from employees
  2  where to_char(hire_date,'yyyy') between 2002 and 2005 order by hire_date;

FIRST_NAME           HIRE_DATE
-------------------- ---------
Shelley              07-JUN-02
William              07-JUN-02
Susan                07-JUN-02
Hermann              07-JUN-02
Daniel               16-AUG-02
Nancy                17-AUG-02
Den                  07-DEC-02
Payam                01-MAY-03
Alexander            18-MAY-03
Steven               17-JUN-03
Renske               14-JUL-03

FIRST_NAME           HIRE_DATE
-------------------- ---------
Jennifer             17-SEP-03
Trenna               17-OCT-03
Nandita              27-JAN-04
Janette              30-JAN-04
Sarah                04-FEB-04
Michael              17-FEB-04
Patrick              04-MAR-04
Ellen                11-MAY-04
Jason                14-JUN-04
Matthew              18-JUL-04
Allan                01-AUG-04

FIRST_NAME           HIRE_DATE
-------------------- ---------
John                 01-OCT-04
Karen                05-JAN-05
Curtis               29-JAN-05
Peter                30-JAN-05
James                16-FEB-05
Alexis               20-FEB-05
Britney              03-MAR-05
Alberto              10-MAR-05
Lindsey              10-MAR-05
Lisa                 11-MAR-05
Alyssa               19-MAR-05

FIRST_NAME           HIRE_DATE
-------------------- ---------
David                24-MAR-05
Adam                 10-APR-05
Kelly                14-JUN-05
David                25-JUN-05
Julia                16-JUL-05
Sigal                24-JUL-05
Jennifer             13-AUG-05
Pat                  17-AUG-05
Peter                20-AUG-05
Laura                20-AUG-05
Neena                21-SEP-05

FIRST_NAME           HIRE_DATE
-------------------- ---------
John                 28-SEP-05
Ismael               30-SEP-05
Shanta               10-OCT-05
Stephen              26-OCT-05
Mozhe                30-OCT-05
Clara                11-NOV-05
Louise               15-DEC-05
Shelli               24-DEC-05

52 rows selected.

SQL> select first_name,hire_date
  2  from employees where job_id in('IT_prog','sa_man")
  3  ;
ERROR:
ORA-01756: quoted string not properly terminated


SQL> select first_name,hire_date
  2  from employees where job_id in('IT_PROG','SA_MAN')
  3  ;

FIRST_NAME           HIRE_DATE
-------------------- ---------
Alexander            03-JAN-06
Bruce                21-MAY-07
David                25-JUN-05
Valli                05-FEB-06
Diana                07-FEB-07
John                 01-OCT-04
Karen                05-JAN-05
Alberto              10-MAR-05
Gerald               15-OCT-07
Eleni                29-JAN-08

10 rows selected.

SQL> select * from employees where hire_date> '01-jan-2008';

EMPLOYEE_ID FIRST_NAME           LAST_NAME
----------- -------------------- -------------------------
EMAIL                     PHONE_NUMBER         HIRE_DATE JOB_ID         SALARY
------------------------- -------------------- --------- ---------- ----------
COMMISSION_PCT MANAGER_ID DEPARTMENT_ID
-------------- ---------- -------------
        128 Steven               Markle
SMARKLE                   650.124.1434         08-MAR-08 ST_CLERK         2200
                      120            50

        136 Hazel                Philtanker
HPHILTAN                  650.127.1634         06-FEB-08 ST_CLERK         2200
                      122            50

EMPLOYEE_ID FIRST_NAME           LAST_NAME
----------- -------------------- -------------------------
EMAIL                     PHONE_NUMBER         HIRE_DATE JOB_ID         SALARY
------------------------- -------------------- --------- ---------- ----------
COMMISSION_PCT MANAGER_ID DEPARTMENT_ID
-------------- ---------- -------------

        149 Eleni                Zlotkey
EZLOTKEY                  011.44.1344.429018   29-JAN-08 SA_MAN          10500
            .2        100            80

        164 Mattea               Marvins
MMARVINS                  011.44.1346.329268   24-JAN-08 SA_REP           7200

EMPLOYEE_ID FIRST_NAME           LAST_NAME
----------- -------------------- -------------------------
EMAIL                     PHONE_NUMBER         HIRE_DATE JOB_ID         SALARY
------------------------- -------------------- --------- ---------- ----------
COMMISSION_PCT MANAGER_ID DEPARTMENT_ID
-------------- ---------- -------------
            .1        147            80

        165 David                Lee
DLEE                      011.44.1346.529268   23-FEB-08 SA_REP           6800
            .1        147            80

        166 Sundar               Ande

EMPLOYEE_ID FIRST_NAME           LAST_NAME
----------- -------------------- -------------------------
EMAIL                     PHONE_NUMBER         HIRE_DATE JOB_ID         SALARY
------------------------- -------------------- --------- ---------- ----------
COMMISSION_PCT MANAGER_ID DEPARTMENT_ID
-------------- ---------- -------------
SANDE                     011.44.1346.629268   24-MAR-08 SA_REP           6400
            .1        147            80

        167 Amit                 Banda
ABANDA                    011.44.1346.729268   21-APR-08 SA_REP           6200
            .1        147            80


EMPLOYEE_ID FIRST_NAME           LAST_NAME
----------- -------------------- -------------------------
EMAIL                     PHONE_NUMBER         HIRE_DATE JOB_ID         SALARY
------------------------- -------------------- --------- ---------- ----------
COMMISSION_PCT MANAGER_ID DEPARTMENT_ID
-------------- ---------- -------------
        173 Sundita              Kumar
SKUMAR                    011.44.1343.329268   21-APR-08 SA_REP           6100
            .1        148            80

        179 Charles              Johnson
CJOHNSON                  011.44.1644.429262   04-JAN-08 SA_REP           6200
            .1        149            80

EMPLOYEE_ID FIRST_NAME           LAST_NAME
----------- -------------------- -------------------------
EMAIL                     PHONE_NUMBER         HIRE_DATE JOB_ID         SALARY
------------------------- -------------------- --------- ---------- ----------
COMMISSION_PCT MANAGER_ID DEPARTMENT_ID
-------------- ---------- -------------

        183 Girard               Geoni
GGEONI                    650.507.9879         03-FEB-08 SH_CLERK         2800
                      120            50

        199 Douglas              Grant
DGRANT                    650.507.9844         13-JAN-08 SH_CLERK         2600

EMPLOYEE_ID FIRST_NAME           LAST_NAME
----------- -------------------- -------------------------
EMAIL                     PHONE_NUMBER         HIRE_DATE JOB_ID         SALARY
------------------------- -------------------- --------- ---------- ----------
COMMISSION_PCT MANAGER_ID DEPARTMENT_ID
-------------- ---------- -------------
                      124            50


11 rows selected.

SQL> select * from employees where Employee_id(150,160);
select * from employees where Employee_id(150,160)
                                                 *
ERROR at line 1:
ORA-00920: invalid relational operator


SQL> select * from employees where Employee_id in(150,160);

EMPLOYEE_ID FIRST_NAME           LAST_NAME
----------- -------------------- -------------------------
EMAIL                     PHONE_NUMBER         HIRE_DATE JOB_ID         SALARY
------------------------- -------------------- --------- ---------- ----------
COMMISSION_PCT MANAGER_ID DEPARTMENT_ID
-------------- ---------- -------------
        150 Peter                Tucker
PTUCKER                   011.44.1344.129268   30-JAN-05 SA_REP          10000
            .3        145            80

        160 Louise               Doran
LDORAN                    011.44.1345.629268   15-DEC-05 SA_REP           7500
            .3        146            80

EMPLOYEE_ID FIRST_NAME           LAST_NAME
----------- -------------------- -------------------------
EMAIL                     PHONE_NUMBER         HIRE_DATE JOB_ID         SALARY
------------------------- -------------------- --------- ---------- ----------
COMMISSION_PCT MANAGER_ID DEPARTMENT_ID
-------------- ---------- -------------


SQL> select first_name,salary,commission_pct,hire_date from employees wheresalary < 10000;

FIRST_NAME               SALARY COMMISSION_PCT HIRE_DATE
-------------------- ---------- -------------- ---------
Alexander                  9000                03-JAN-06
Bruce                      6000                21-MAY-07
David                      4800                25-JUN-05
Valli                      4800                05-FEB-06
Diana                      4200                07-FEB-07
Daniel                     9000                16-AUG-02
John                       8200                28-SEP-05
Ismael                     7700                30-SEP-05
Jose Manuel                7800                07-MAR-06
Luis                       6900                07-DEC-07
Alexander                  3100                18-MAY-03

FIRST_NAME               SALARY COMMISSION_PCT HIRE_DATE
-------------------- ---------- -------------- ---------
Shelli                     2900                24-DEC-05
Sigal                      2800                24-JUL-05
Guy                        2600                15-NOV-06
Karen                      2500                10-AUG-07
Matthew                    8000                18-JUL-04
Adam                       8200                10-APR-05
Payam                      7900                01-MAY-03
Shanta                     6500                10-OCT-05
Kevin                      5800                16-NOV-07
Julia                      3200                16-JUL-05
Irene                      2700                28-SEP-06

FIRST_NAME               SALARY COMMISSION_PCT HIRE_DATE
-------------------- ---------- -------------- ---------
James                      2400                14-JAN-07
Steven                     2200                08-MAR-08
Laura                      3300                20-AUG-05
Mozhe                      2800                30-OCT-05
James                      2500                16-FEB-05
TJ                         2100                10-APR-07
Jason                      3300                14-JUN-04
Michael                    2900                26-AUG-06
Ki                         2400                12-DEC-07
Hazel                      2200                06-FEB-08
Renske                     3600                14-JUL-03

FIRST_NAME               SALARY COMMISSION_PCT HIRE_DATE
-------------------- ---------- -------------- ---------
Stephen                    3200                26-OCT-05
John                       2700                12-FEB-06
Joshua                     2500                06-APR-06
Trenna                     3500                17-OCT-03
Curtis                     3100                29-JAN-05
Randall                    2600                15-MAR-06
Peter                      2500                09-JUL-06
David                      9500            .25 24-MAR-05
Peter                      9000            .25 20-AUG-05
Christopher                8000             .2 30-MAR-06
Nanette                    7500             .2 09-DEC-06

FIRST_NAME               SALARY COMMISSION_PCT HIRE_DATE
-------------------- ---------- -------------- ---------
Oliver                     7000            .15 23-NOV-07
Patrick                    9500            .35 04-MAR-04
Allan                      9000            .35 01-AUG-04
Lindsey                    8000             .3 10-MAR-05
Louise                     7500             .3 15-DEC-05
Sarath                     7000            .25 03-NOV-06
Danielle                   9500            .15 19-MAR-07
Mattea                     7200             .1 24-JAN-08
David                      6800             .1 23-FEB-08
Sundar                     6400             .1 24-MAR-08
Amit                       6200             .1 21-APR-08

FIRST_NAME               SALARY COMMISSION_PCT HIRE_DATE
-------------------- ---------- -------------- ---------
Tayler                     9600             .2 24-JAN-06
William                    7400            .15 23-FEB-07
Elizabeth                  7300            .15 24-MAR-07
Sundita                    6100             .1 21-APR-08
Alyssa                     8800            .25 19-MAR-05
Jonathon                   8600             .2 24-MAR-06
Jack                       8400             .2 23-APR-06
Kimberely                  7000            .15 24-MAY-07
Charles                    6200             .1 04-JAN-08
Winston                    3200                24-JAN-06
Jean                       3100                23-FEB-06

FIRST_NAME               SALARY COMMISSION_PCT HIRE_DATE
-------------------- ---------- -------------- ---------
Martha                     2500                21-JUN-07
Girard                     2800                03-FEB-08
Nandita                    4200                27-JAN-04
Alexis                     4100                20-FEB-05
Julia                      3400                24-JUN-06
Anthony                    3000                07-FEB-07
Kelly                      3800                14-JUN-05
Jennifer                   3600                13-AUG-05
Timothy                    2900                11-JUL-06
Randall                    2500                19-DEC-07
Sarah                      4000                04-FEB-04

FIRST_NAME               SALARY COMMISSION_PCT HIRE_DATE
-------------------- ---------- -------------- ---------
Britney                    3900                03-MAR-05
Samuel                     3200                01-JUL-06
Vance                      2800                17-MAR-07
Alana                      3100                24-APR-06
Kevin                      3000                23-MAY-06
Donald                     2600                21-JUN-07
Douglas                    2600                13-JAN-08
Jennifer                   4400                17-SEP-03
Pat                        6000                17-AUG-05
Susan                      6500                07-JUN-02
William                    8300                07-JUN-02

88 rows selected.

SQL> select job_title,max_salary-min_salary difference from jobs where max_salry between 10000 and 20000;
select job_title,max_salary-min_salary difference from jobs where max_salrybetween 10000 and 20000
                                                                  *
ERROR at line 1:
ORA-00904: "MAX_SALRY": invalid identifier


SQL> select job_title,max_salary-min_salary difference from jobs where max_salary between 10000 and 20000;

JOB_TITLE                           DIFFERENCE
----------------------------------- ----------
Finance Manager                           7800
Accounting Manager                        7800
Sales Representative                      6008
Purchasing Manager                        7000
Programmer                                6000
Marketing Manager                         6000
Public Relations Representative           6000

7 rows selected.

SQL> select first_name,salary,round(salary,-3) from employees;

FIRST_NAME               SALARY ROUND(SALARY,-3)
-------------------- ---------- ----------------
Steven                    24000            24000
Neena                     17000            17000
Lex                       17000            17000
Alexander                  9000             9000
Bruce                      6000             6000
David                      4800             5000
Valli                      4800             5000
Diana                      4200             4000
Nancy                     12008            12000
Daniel                     9000             9000
John                       8200             8000

FIRST_NAME               SALARY ROUND(SALARY,-3)
-------------------- ---------- ----------------
Ismael                     7700             8000
Jose Manuel                7800             8000
Luis                       6900             7000
Den                       11000            11000
Alexander                  3100             3000
Shelli                     2900             3000
Sigal                      2800             3000
Guy                        2600             3000
Karen                      2500             3000
Matthew                    8000             8000
Adam                       8200             8000

FIRST_NAME               SALARY ROUND(SALARY,-3)
-------------------- ---------- ----------------
Payam                      7900             8000
Shanta                     6500             7000
Kevin                      5800             6000
Julia                      3200             3000
Irene                      2700             3000
James                      2400             2000
Steven                     2200             2000
Laura                      3300             3000
Mozhe                      2800             3000
James                      2500             3000
TJ                         2100             2000

FIRST_NAME               SALARY ROUND(SALARY,-3)
-------------------- ---------- ----------------
Jason                      3300             3000
Michael                    2900             3000
Ki                         2400             2000
Hazel                      2200             2000
Renske                     3600             4000
Stephen                    3200             3000
John                       2700             3000
Joshua                     2500             3000
Trenna                     3500             4000
Curtis                     3100             3000
Randall                    2600             3000

FIRST_NAME               SALARY ROUND(SALARY,-3)
-------------------- ---------- ----------------
Peter                      2500             3000
John                      14000            14000
Karen                     13500            14000
Alberto                   12000            12000
Gerald                    11000            11000
Eleni                     10500            11000
Peter                     10000            10000
David                      9500            10000
Peter                      9000             9000
Christopher                8000             8000
Nanette                    7500             8000

FIRST_NAME               SALARY ROUND(SALARY,-3)
-------------------- ---------- ----------------
Oliver                     7000             7000
Janette                   10000            10000
Patrick                    9500            10000
Allan                      9000             9000
Lindsey                    8000             8000
Louise                     7500             8000
Sarath                     7000             7000
Clara                     10500            11000
Danielle                   9500            10000
Mattea                     7200             7000
David                      6800             7000

FIRST_NAME               SALARY ROUND(SALARY,-3)
-------------------- ---------- ----------------
Sundar                     6400             6000
Amit                       6200             6000
Lisa                      11500            12000
Harrison                  10000            10000
Tayler                     9600            10000
William                    7400             7000
Elizabeth                  7300             7000
Sundita                    6100             6000
Ellen                     11000            11000
Alyssa                     8800             9000
Jonathon                   8600             9000

FIRST_NAME               SALARY ROUND(SALARY,-3)
-------------------- ---------- ----------------
Jack                       8400             8000
Kimberely                  7000             7000
Charles                    6200             6000
Winston                    3200             3000
Jean                       3100             3000
Martha                     2500             3000
Girard                     2800             3000
Nandita                    4200             4000
Alexis                     4100             4000
Julia                      3400             3000
Anthony                    3000             3000

FIRST_NAME               SALARY ROUND(SALARY,-3)
-------------------- ---------- ----------------
Kelly                      3800             4000
Jennifer                   3600             4000
Timothy                    2900             3000
Randall                    2500             3000
Sarah                      4000             4000
Britney                    3900             4000
Samuel                     3200             3000
Vance                      2800             3000
Alana                      3100             3000
Kevin                      3000             3000
Donald                     2600             3000

FIRST_NAME               SALARY ROUND(SALARY,-3)
-------------------- ---------- ----------------
Douglas                    2600             3000
Jennifer                   4400             4000
Michael                   13000            13000
Pat                        6000             6000
Susan                      6500             7000
Hermann                   10000            10000
Shelley                   12008            12000
William                    8300             8000

107 rows selected.

SQL> select * from jobs order by job_title;

JOB_ID     JOB_TITLE                           MIN_SALARY MAX_SALARY
---------- ----------------------------------- ---------- ----------
FI_ACCOUNT Accountant                                4200       9000
AC_MGR     Accounting Manager                        8200      16000
AD_ASST    Administration Assistant                  3000       6000
AD_VP      Administration Vice President            15000      30000
FI_MGR     Finance Manager                           8200      16000
HR_REP     Human Resources Representative            4000       9000
MK_MAN     Marketing Manager                         9000      15000
MK_REP     Marketing Representative                  4000       9000
AD_PRES    President                                20080      40000
IT_PROG    Programmer                                4000      10000
AC_ACCOUNT Public Accountant                         4200       9000

JOB_ID     JOB_TITLE                           MIN_SALARY MAX_SALARY
---------- ----------------------------------- ---------- ----------
PR_REP     Public Relations Representative           4500      10500
PU_CLERK   Purchasing Clerk                          2500       5500
PU_MAN     Purchasing Manager                        8000      15000
SA_MAN     Sales Manager                            10000      20080
SA_REP     Sales Representative                      6000      12008
SH_CLERK   Shipping Clerk                            2500       5500
ST_CLERK   Stock Clerk                               2008       5000
ST_MAN     Stock Manager                             5500       8500

19 rows selected.

SQL> select first_name,last_name from employees where first_name Like 'S%' or last_name like 'S%';

FIRST_NAME           LAST_NAME
-------------------- -------------------------
Sundar               Ande
Shelli               Baida
Sarah                Bell
Shelley              Higgins
Steven               King
Sundita              Kumar
Steven               Markle
Susan                Mavris
Samuel               McCain
Nandita              Sarchand
Ismael               Sciarra

FIRST_NAME           LAST_NAME
-------------------- -------------------------
John                 Seo
Sarath               Sewall
Lindsey              Smith
William              Smith
Stephen              Stiles
Martha               Sullivan
Patrick              Sully
Sigal                Tobias
Shanta               Vollman

20 rows selected.

SQL> select * from employees where to_char(Hire_date,'MON')='MAY';

EMPLOYEE_ID FIRST_NAME           LAST_NAME
----------- -------------------- -------------------------
EMAIL                     PHONE_NUMBER         HIRE_DATE JOB_ID         SALARY
------------------------- -------------------- --------- ---------- ----------
COMMISSION_PCT MANAGER_ID DEPARTMENT_ID
-------------- ---------- -------------
        104 Bruce                Ernst
BERNST                    590.423.4568         21-MAY-07 IT_PROG          6000
                      103            60

        115 Alexander            Khoo
AKHOO                     515.127.4562         18-MAY-03 PU_CLERK         3100
                      114            30

EMPLOYEE_ID FIRST_NAME           LAST_NAME
----------- -------------------- -------------------------
EMAIL                     PHONE_NUMBER         HIRE_DATE JOB_ID         SALARY
------------------------- -------------------- --------- ---------- ----------
COMMISSION_PCT MANAGER_ID DEPARTMENT_ID
-------------- ---------- -------------

        122 Payam                Kaufling
PKAUFLIN                  650.123.3234         01-MAY-03 ST_MAN           7900
                      100            50

        174 Ellen                Abel
EABEL                     011.44.1644.429267   11-MAY-04 SA_REP          11000

EMPLOYEE_ID FIRST_NAME           LAST_NAME
----------- -------------------- -------------------------
EMAIL                     PHONE_NUMBER         HIRE_DATE JOB_ID         SALARY
------------------------- -------------------- --------- ---------- ----------
COMMISSION_PCT MANAGER_ID DEPARTMENT_ID
-------------- ---------- -------------
            .3        149            80

        178 Kimberely            Grant
KGRANT                    011.44.1644.429263   24-MAY-07 SA_REP           7000
           .15        149

        197 Kevin                Feeney

EMPLOYEE_ID FIRST_NAME           LAST_NAME
----------- -------------------- -------------------------
EMAIL                     PHONE_NUMBER         HIRE_DATE JOB_ID         SALARY
------------------------- -------------------- --------- ---------- ----------
COMMISSION_PCT MANAGER_ID DEPARTMENT_ID
-------------- ---------- -------------
KFEENEY                   650.507.9822         23-MAY-06 SH_CLERK         3000
                      124            50


6 rows selected.

SQL> select * from employees where commission pct is null and salary between 5000 and 10000 and department_id=30;
select * from employees where commission pct is null and salary between 5000 and 10000 and department_id=30
                                         *
ERROR at line 1:
ORA-00920: invalid relational operator


SQL> select * from employees where commission_pct is null and salary between 5000 and 10000 and department_id=30;

no rows selected

SQL> select * from employees where commission_pct is null and salary between 5000 and 10000 and department_id=50;

EMPLOYEE_ID FIRST_NAME           LAST_NAME
----------- -------------------- -------------------------
EMAIL                     PHONE_NUMBER         HIRE_DATE JOB_ID         SALARY
------------------------- -------------------- --------- ---------- ----------
COMMISSION_PCT MANAGER_ID DEPARTMENT_ID
-------------- ---------- -------------
        120 Matthew              Weiss
MWEISS                    650.123.1234         18-JUL-04 ST_MAN           8000
                      100            50

        121 Adam                 Fripp
AFRIPP                    650.123.2234         10-APR-05 ST_MAN           8200
                      100            50

EMPLOYEE_ID FIRST_NAME           LAST_NAME
----------- -------------------- -------------------------
EMAIL                     PHONE_NUMBER         HIRE_DATE JOB_ID         SALARY
------------------------- -------------------- --------- ---------- ----------
COMMISSION_PCT MANAGER_ID DEPARTMENT_ID
-------------- ---------- -------------

        122 Payam                Kaufling
PKAUFLIN                  650.123.3234         01-MAY-03 ST_MAN           7900
                      100            50

        123 Shanta               Vollman
SVOLLMAN                  650.123.4234         10-OCT-05 ST_MAN           6500

EMPLOYEE_ID FIRST_NAME           LAST_NAME
----------- -------------------- -------------------------
EMAIL                     PHONE_NUMBER         HIRE_DATE JOB_ID         SALARY
------------------------- -------------------- --------- ---------- ----------
COMMISSION_PCT MANAGER_ID DEPARTMENT_ID
-------------- ---------- -------------
                      100            50

        124 Kevin                Mourgos
KMOURGOS                  650.123.5234         16-NOV-07 ST_MAN           5800
                      100            50


SQL> select First_name,Hire_date,Last_day(Hire_date)+1 from employees;

FIRST_NAME           HIRE_DATE LAST_DAY(
-------------------- --------- ---------
Steven               17-JUN-03 01-JUL-03
Neena                21-SEP-05 01-OCT-05
Lex                  13-JAN-01 01-FEB-01
Alexander            03-JAN-06 01-FEB-06
Bruce                21-MAY-07 01-JUN-07
David                25-JUN-05 01-JUL-05
Valli                05-FEB-06 01-MAR-06
Diana                07-FEB-07 01-MAR-07
Nancy                17-AUG-02 01-SEP-02
Daniel               16-AUG-02 01-SEP-02
John                 28-SEP-05 01-OCT-05

FIRST_NAME           HIRE_DATE LAST_DAY(
-------------------- --------- ---------
Ismael               30-SEP-05 01-OCT-05
Jose Manuel          07-MAR-06 01-APR-06
Luis                 07-DEC-07 01-JAN-08
Den                  07-DEC-02 01-JAN-03
Alexander            18-MAY-03 01-JUN-03
Shelli               24-DEC-05 01-JAN-06
Sigal                24-JUL-05 01-AUG-05
Guy                  15-NOV-06 01-DEC-06
Karen                10-AUG-07 01-SEP-07
Matthew              18-JUL-04 01-AUG-04
Adam                 10-APR-05 01-MAY-05

FIRST_NAME           HIRE_DATE LAST_DAY(
-------------------- --------- ---------
Payam                01-MAY-03 01-JUN-03
Shanta               10-OCT-05 01-NOV-05
Kevin                16-NOV-07 01-DEC-07
Julia                16-JUL-05 01-AUG-05
Irene                28-SEP-06 01-OCT-06
James                14-JAN-07 01-FEB-07
Steven               08-MAR-08 01-APR-08
Laura                20-AUG-05 01-SEP-05
Mozhe                30-OCT-05 01-NOV-05
James                16-FEB-05 01-MAR-05
TJ                   10-APR-07 01-MAY-07

FIRST_NAME           HIRE_DATE LAST_DAY(
-------------------- --------- ---------
Jason                14-JUN-04 01-JUL-04
Michael              26-AUG-06 01-SEP-06
Ki                   12-DEC-07 01-JAN-08
Hazel                06-FEB-08 01-MAR-08
Renske               14-JUL-03 01-AUG-03
Stephen              26-OCT-05 01-NOV-05
John                 12-FEB-06 01-MAR-06
Joshua               06-APR-06 01-MAY-06
Trenna               17-OCT-03 01-NOV-03
Curtis               29-JAN-05 01-FEB-05
Randall              15-MAR-06 01-APR-06

FIRST_NAME           HIRE_DATE LAST_DAY(
-------------------- --------- ---------
Peter                09-JUL-06 01-AUG-06
John                 01-OCT-04 01-NOV-04
Karen                05-JAN-05 01-FEB-05
Alberto              10-MAR-05 01-APR-05
Gerald               15-OCT-07 01-NOV-07
Eleni                29-JAN-08 01-FEB-08
Peter                30-JAN-05 01-FEB-05
David                24-MAR-05 01-APR-05
Peter                20-AUG-05 01-SEP-05
Christopher          30-MAR-06 01-APR-06
Nanette              09-DEC-06 01-JAN-07

FIRST_NAME           HIRE_DATE LAST_DAY(
-------------------- --------- ---------
Oliver               23-NOV-07 01-DEC-07
Janette              30-JAN-04 01-FEB-04
Patrick              04-MAR-04 01-APR-04
Allan                01-AUG-04 01-SEP-04
Lindsey              10-MAR-05 01-APR-05
Louise               15-DEC-05 01-JAN-06
Sarath               03-NOV-06 01-DEC-06
Clara                11-NOV-05 01-DEC-05
Danielle             19-MAR-07 01-APR-07
Mattea               24-JAN-08 01-FEB-08
David                23-FEB-08 01-MAR-08

FIRST_NAME           HIRE_DATE LAST_DAY(
-------------------- --------- ---------
Sundar               24-MAR-08 01-APR-08
Amit                 21-APR-08 01-MAY-08
Lisa                 11-MAR-05 01-APR-05
Harrison             23-MAR-06 01-APR-06
Tayler               24-JAN-06 01-FEB-06
William              23-FEB-07 01-MAR-07
Elizabeth            24-MAR-07 01-APR-07
Sundita              21-APR-08 01-MAY-08
Ellen                11-MAY-04 01-JUN-04
Alyssa               19-MAR-05 01-APR-05
Jonathon             24-MAR-06 01-APR-06

FIRST_NAME           HIRE_DATE LAST_DAY(
-------------------- --------- ---------
Jack                 23-APR-06 01-MAY-06
Kimberely            24-MAY-07 01-JUN-07
Charles              04-JAN-08 01-FEB-08
Winston              24-JAN-06 01-FEB-06
Jean                 23-FEB-06 01-MAR-06
Martha               21-JUN-07 01-JUL-07
Girard               03-FEB-08 01-MAR-08
Nandita              27-JAN-04 01-FEB-04
Alexis               20-FEB-05 01-MAR-05
Julia                24-JUN-06 01-JUL-06
Anthony              07-FEB-07 01-MAR-07

FIRST_NAME           HIRE_DATE LAST_DAY(
-------------------- --------- ---------
Kelly                14-JUN-05 01-JUL-05
Jennifer             13-AUG-05 01-SEP-05
Timothy              11-JUL-06 01-AUG-06
Randall              19-DEC-07 01-JAN-08
Sarah                04-FEB-04 01-MAR-04
Britney              03-MAR-05 01-APR-05
Samuel               01-JUL-06 01-AUG-06
Vance                17-MAR-07 01-APR-07
Alana                24-APR-06 01-MAY-06
Kevin                23-MAY-06 01-JUN-06
Donald               21-JUN-07 01-JUL-07

FIRST_NAME           HIRE_DATE LAST_DAY(
-------------------- --------- ---------
Douglas              13-JAN-08 01-FEB-08
Jennifer             17-SEP-03 01-OCT-03
Michael              17-FEB-04 01-MAR-04
Pat                  17-AUG-05 01-SEP-05
Susan                07-JUN-02 01-JUL-02
Hermann              07-JUN-02 01-JUL-02
Shelley              07-JUN-02 01-JUL-02
William              07-JUN-02 01-JUL-02

107 rows selected.

SQL> select first_name,hire_date,floor((SYSDATE-HIRE_DATE)/365) FROM Employees;

FIRST_NAME           HIRE_DATE FLOOR((SYSDATE-HIRE_DATE)/365)
-------------------- --------- ------------------------------
Steven               17-JUN-03                             22
Neena                21-SEP-05                             20
Lex                  13-JAN-01                             25
Alexander            03-JAN-06                             20
Bruce                21-MAY-07                             18
David                25-JUN-05                             20
Valli                05-FEB-06                             19
Diana                07-FEB-07                             18
Nancy                17-AUG-02                             23
Daniel               16-AUG-02                             23
John                 28-SEP-05                             20

FIRST_NAME           HIRE_DATE FLOOR((SYSDATE-HIRE_DATE)/365)
-------------------- --------- ------------------------------
Ismael               30-SEP-05                             20
Jose Manuel          07-MAR-06                             19
Luis                 07-DEC-07                             18
Den                  07-DEC-02                             23
Alexander            18-MAY-03                             22
Shelli               24-DEC-05                             20
Sigal                24-JUL-05                             20
Guy                  15-NOV-06                             19
Karen                10-AUG-07                             18
Matthew              18-JUL-04                             21
Adam                 10-APR-05                             20

FIRST_NAME           HIRE_DATE FLOOR((SYSDATE-HIRE_DATE)/365)
-------------------- --------- ------------------------------
Payam                01-MAY-03                             22
Shanta               10-OCT-05                             20
Kevin                16-NOV-07                             18
Julia                16-JUL-05                             20
Irene                28-SEP-06                             19
James                14-JAN-07                             19
Steven               08-MAR-08                             17
Laura                20-AUG-05                             20
Mozhe                30-OCT-05                             20
James                16-FEB-05                             20
TJ                   10-APR-07                             18

FIRST_NAME           HIRE_DATE FLOOR((SYSDATE-HIRE_DATE)/365)
-------------------- --------- ------------------------------
Jason                14-JUN-04                             21
Michael              26-AUG-06                             19
Ki                   12-DEC-07                             18
Hazel                06-FEB-08                             17
Renske               14-JUL-03                             22
Stephen              26-OCT-05                             20
John                 12-FEB-06                             19
Joshua               06-APR-06                             19
Trenna               17-OCT-03                             22
Curtis               29-JAN-05                             20
Randall              15-MAR-06                             19

FIRST_NAME           HIRE_DATE FLOOR((SYSDATE-HIRE_DATE)/365)
-------------------- --------- ------------------------------
Peter                09-JUL-06                             19
John                 01-OCT-04                             21
Karen                05-JAN-05                             21
Alberto              10-MAR-05                             20
Gerald               15-OCT-07                             18
Eleni                29-JAN-08                             17
Peter                30-JAN-05                             20
David                24-MAR-05                             20
Peter                20-AUG-05                             20
Christopher          30-MAR-06                             19
Nanette              09-DEC-06                             19

FIRST_NAME           HIRE_DATE FLOOR((SYSDATE-HIRE_DATE)/365)
-------------------- --------- ------------------------------
Oliver               23-NOV-07                             18
Janette              30-JAN-04                             21
Patrick              04-MAR-04                             21
Allan                01-AUG-04                             21
Lindsey              10-MAR-05                             20
Louise               15-DEC-05                             20
Sarath               03-NOV-06                             19
Clara                11-NOV-05                             20
Danielle             19-MAR-07                             18
Mattea               24-JAN-08                             17
David                23-FEB-08                             17

FIRST_NAME           HIRE_DATE FLOOR((SYSDATE-HIRE_DATE)/365)
-------------------- --------- ------------------------------
Sundar               24-MAR-08                             17
Amit                 21-APR-08                             17
Lisa                 11-MAR-05                             20
Harrison             23-MAR-06                             19
Tayler               24-JAN-06                             19
William              23-FEB-07                             18
Elizabeth            24-MAR-07                             18
Sundita              21-APR-08                             17
Ellen                11-MAY-04                             21
Alyssa               19-MAR-05                             20
Jonathon             24-MAR-06                             19

FIRST_NAME           HIRE_DATE FLOOR((SYSDATE-HIRE_DATE)/365)
-------------------- --------- ------------------------------
Jack                 23-APR-06                             19
Kimberely            24-MAY-07                             18
Charles              04-JAN-08                             18
Winston              24-JAN-06                             19
Jean                 23-FEB-06                             19
Martha               21-JUN-07                             18
Girard               03-FEB-08                             17
Nandita              27-JAN-04                             21
Alexis               20-FEB-05                             20
Julia                24-JUN-06                             19
Anthony              07-FEB-07                             18

FIRST_NAME           HIRE_DATE FLOOR((SYSDATE-HIRE_DATE)/365)
-------------------- --------- ------------------------------
Kelly                14-JUN-05                             20
Jennifer             13-AUG-05                             20
Timothy              11-JUL-06                             19
Randall              19-DEC-07                             18
Sarah                04-FEB-04                             21
Britney              03-MAR-05                             20
Samuel               01-JUL-06                             19
Vance                17-MAR-07                             18
Alana                24-APR-06                             19
Kevin                23-MAY-06                             19
Donald               21-JUN-07                             18

FIRST_NAME           HIRE_DATE FLOOR((SYSDATE-HIRE_DATE)/365)
-------------------- --------- ------------------------------
Douglas              13-JAN-08                             18
Jennifer             17-SEP-03                             22
Michael              17-FEB-04                             21
Pat                  17-AUG-05                             20
Susan                07-JUN-02                             23
Hermann              07-JUN-02                             23
Shelley              07-JUN-02                             23
William              07-JUN-02                             23

107 rows selected.

SQL> select first_name,hire_date from employees where to_char(Hire_date,'yyyy')=2001;

FIRST_NAME           HIRE_DATE
-------------------- ---------
Lex                  13-JAN-01

SQL> select initcap(First_name),initcap(Last_name) from employees;

INITCAP(FIRST_NAME)  INITCAP(LAST_NAME)
-------------------- -------------------------
Ellen                Abel
Sundar               Ande
Mozhe                Atkinson
David                Austin
Hermann              Baer
Shelli               Baida
Amit                 Banda
Elizabeth            Bates
Sarah                Bell
David                Bernstein
Laura                Bissot

INITCAP(FIRST_NAME)  INITCAP(LAST_NAME)
-------------------- -------------------------
Harrison             Bloom
Alexis               Bull
Anthony              Cabrio
Gerald               Cambrault
Nanette              Cambrault
John                 Chen
Kelly                Chung
Karen                Colmenares
Curtis               Davies
Lex                  De Haan
Julia                Dellinger

INITCAP(FIRST_NAME)  INITCAP(LAST_NAME)
-------------------- -------------------------
Jennifer             Dilly
Louise               Doran
Bruce                Ernst
Alberto              Errazuriz
Britney              Everett
Daniel               Faviet
Pat                  Fay
Kevin                Feeney
Jean                 Fleaur
Tayler               Fox
Adam                 Fripp

INITCAP(FIRST_NAME)  INITCAP(LAST_NAME)
-------------------- -------------------------
Timothy              Gates
Ki                   Gee
Girard               Geoni
William              Gietz
Douglas              Grant
Kimberely            Grant
Nancy                Greenberg
Danielle             Greene
Peter                Hall
Michael              Hartstein
Shelley              Higgins

INITCAP(FIRST_NAME)  INITCAP(LAST_NAME)
-------------------- -------------------------
Guy                  Himuro
Alexander            Hunold
Alyssa               Hutton
Charles              Johnson
Vance                Jones
Payam                Kaufling
Alexander            Khoo
Janette              King
Steven               King
Neena                Kochhar
Sundita              Kumar

INITCAP(FIRST_NAME)  INITCAP(LAST_NAME)
-------------------- -------------------------
Renske               Ladwig
James                Landry
David                Lee
Jack                 Livingston
Diana                Lorentz
Jason                Mallin
Steven               Markle
James                Marlow
Mattea               Marvins
Randall              Matos
Susan                Mavris

INITCAP(FIRST_NAME)  INITCAP(LAST_NAME)
-------------------- -------------------------
Samuel               Mccain
Allan                Mcewen
Irene                Mikkilineni
Kevin                Mourgos
Julia                Nayer
Donald               Oconnell
Christopher          Olsen
Tj                   Olson
Lisa                 Ozer
Karen                Partners
Valli                Pataballa

INITCAP(FIRST_NAME)  INITCAP(LAST_NAME)
-------------------- -------------------------
Joshua               Patel
Randall              Perkins
Hazel                Philtanker
Luis                 Popp
Trenna               Rajs
Den                  Raphaely
Michael              Rogers
John                 Russell
Nandita              Sarchand
Ismael               Sciarra
John                 Seo

INITCAP(FIRST_NAME)  INITCAP(LAST_NAME)
-------------------- -------------------------
Sarath               Sewall
Lindsey              Smith
William              Smith
Stephen              Stiles
Martha               Sullivan
Patrick              Sully
Jonathon             Taylor
Winston              Taylor
Sigal                Tobias
Peter                Tucker
Oliver               Tuvault

INITCAP(FIRST_NAME)  INITCAP(LAST_NAME)
-------------------- -------------------------
Jose Manuel          Urman
Peter                Vargas
Clara                Vishney
Shanta               Vollman
Alana                Walsh
Matthew              Weiss
Jennifer             Whalen
Eleni                Zlotkey

107 rows selected.

SQL> select JOB_TITLE,SUBSTR(JOB_TITLE,1,INSTR(JOB_TITLE || ' ',' ')-1) FROM JOBS;

JOB_TITLE
-----------------------------------
SUBSTR(JOB_TITLE,1,INSTR(JOB_TITLE||'','')-1)
--------------------------------------------------------------------------------
President
President

Administration Vice President
Administration

Administration Assistant
Administration


JOB_TITLE
-----------------------------------
SUBSTR(JOB_TITLE,1,INSTR(JOB_TITLE||'','')-1)
--------------------------------------------------------------------------------
Finance Manager
Finance

Accountant
Accountant

Accounting Manager
Accounting


JOB_TITLE
-----------------------------------
SUBSTR(JOB_TITLE,1,INSTR(JOB_TITLE||'','')-1)
--------------------------------------------------------------------------------
Public Accountant
Public

Sales Manager
Sales

Sales Representative
Sales


JOB_TITLE
-----------------------------------
SUBSTR(JOB_TITLE,1,INSTR(JOB_TITLE||'','')-1)
--------------------------------------------------------------------------------
Purchasing Manager
Purchasing

Purchasing Clerk
Purchasing

Stock Manager
Stock


JOB_TITLE
-----------------------------------
SUBSTR(JOB_TITLE,1,INSTR(JOB_TITLE||'','')-1)
--------------------------------------------------------------------------------
Stock Clerk
Stock

Shipping Clerk
Shipping

Programmer
Programmer


JOB_TITLE
-----------------------------------
SUBSTR(JOB_TITLE,1,INSTR(JOB_TITLE||'','')-1)
--------------------------------------------------------------------------------
Marketing Manager
Marketing

Marketing Representative
Marketing

Human Resources Representative
Human


JOB_TITLE
-----------------------------------
SUBSTR(JOB_TITLE,1,INSTR(JOB_TITLE||'','')-1)
--------------------------------------------------------------------------------
Public Relations Representative
Public


19 rows selected.

SQL> select first_name,last_name from employees where instr(last_name,'l')>3;

FIRST_NAME           LAST_NAME
-------------------- -------------------------
Ellen                Abel
Gerald               Cambrault
Nanette              Cambrault
Alexander            Hunold
Payam                Kaufling
Steven               Markle
James                Marlow
Irene                Mikkilineni
Donald               OConnell
Valli                Pataballa
Joshua               Patel

FIRST_NAME           LAST_NAME
-------------------- -------------------------
Hazel                Philtanker
Den                  Raphaely
John                 Russell
Sarath               Sewall
Stephen              Stiles
Jonathon             Taylor
Winston              Taylor
Oliver               Tuvault
Jennifer             Whalen

20 rows selected.

SQL> select UPPER(first_name),LOWER(email) from employees where UPPER(first_name)=UPPER(email)
  2  ;

no rows selected

SQL> select sysdate-to_date('01-jan-2011') from dual;

SYSDATE-TO_DATE('01-JAN-2011')
------------------------------
                    5492.47347

SQL>  select manager_id,count(*) from employees group by manager_id;

MANAGER_ID   COUNT(*)
---------- ----------
                    1
       100         14
       123          8
       120          8
       121          8
       147          6
       108          5
       148          6
       149          6
       205          1
       102          1

MANAGER_ID   COUNT(*)
---------- ----------
       201          1
       101          5
       114          5
       124          8
       145          6
       146          6
       103          4
       122          8

19 rows selected.

SQL>  select employee_id,max(end_date) from job_history group by employee_id;

EMPLOYEE_ID MAX(END_D
----------- ---------
        101 15-MAR-05
        102 24-JUL-06
        114 31-DEC-07
        122 31-DEC-07
        176 31-DEC-07
        200 31-DEC-06
        201 19-DEC-07

7 rows selected.

SQL> select count(*) from employees where to_char(hire_date,'DD')>15;

  COUNT(*)
----------
        57

SQL> select country_id,count(*) from locations group by country_id;

CO   COUNT(*)
-- ----------
US          4
SG          1
CA          2
CH          2
IT          2
MX          1
CN          1
DE          1
JP          2
IN          1
AU          1

CO   COUNT(*)
-- ----------
UK          3
BR          1
NL          1

14 rows selected.

SQL> select department_id,avg(salary) from employees
  2   where commission_pct is not null group by department_id;

DEPARTMENT_ID AVG(SALARY)
------------- -----------
                     7000
           80  8955.88235

SQL> select job_id,count(*),sum(salary),max(salary)-min(salary) salary fromemployees group by job_id;
select job_id,count(*),sum(salary),max(salary)-min(salary) salary fromemployees group by job_id
                                                                  *
ERROR at line 1:
ORA-00923: FROM keyword not found where expected


SQL> select job_id,count(*),sum(salary),max(salary)-min(salary) salary fromemployees group by job_id;

JOB_ID       COUNT(*) SUM(SALARY)     SALARY
---------- ---------- ----------- ----------
IT_PROG             5       28800       4800
AC_MGR              1       12008          0
AC_ACCOUNT          1        8300          0
ST_MAN              5       36400       2400
PU_MAN              1       11000          0
AD_ASST             1        4400          0
AD_VP               2       34000          0
SH_CLERK           20       64300       1700
FI_ACCOUNT          5       39600       2100
FI_MGR              1       12008          0
PU_CLERK            5       13900        600

JOB_ID       COUNT(*) SUM(SALARY)     SALARY
---------- ---------- ----------- ----------
SA_MAN              5       61000       3500
MK_MAN              1       13000          0
PR_REP              1       10000          0
AD_PRES             1       24000          0
SA_REP             30      250500       5400
MK_REP              1        6000          0
ST_CLERK           20       55700       1500
HR_REP              1        6500          0

19 rows selected.

SQL> select job_id,avg(salary) from employees group by job_id
  2  having avg(salary)>10000;

JOB_ID     AVG(SALARY)
---------- -----------
AC_MGR           12008
PU_MAN           11000
AD_VP            17000
FI_MGR           12008
SA_MAN           12200
MK_MAN           13000
AD_PRES          24000

7 rows selected.

SQL> select to_char(hire_date,'yyyy') from employees
  2   group by to_char(hire_date,'yyyy')
  3  having count(Employee_id) > 10;

TO_C
----
2005
2008
2007
2006

SQL> select Department_id from employees
  2  where commission_pct is not null
  3  group by department_id
  4  having count(commission_pct)>5;

DEPARTMENT_ID
-------------
           80

SQL> select employee_id from job_history group by Employee_id having count(*)>1;

EMPLOYEE_ID
-----------
        101
        176
        200

SQL> select job_id from job_history
  2  where end_date-start_date>100
  3   group by job_id
  4   having count(*)>3;

no rows selected

SQL> select job_id from job_history
  2  where end_date-start_date>100
  3   group by job_id
  4   having count(*)<3;

JOB_ID
----------
AC_ACCOUNT
AC_MGR
AD_ASST
IT_PROG
MK_REP
SA_MAN
SA_REP
ST_CLERK

8 rows selected.

SQL> select department_id,to_char(hire_date,'yyyy'),count(Employee_id)
  2  from employees
  3  group by Department_id,to_char(hire_date,'yyyy')
  4  order by Department_id;

DEPARTMENT_ID TO_C COUNT(EMPLOYEE_ID)
------------- ---- ------------------
           10 2003                  1
           20 2004                  1
           20 2005                  1
           30 2002                  1
           30 2003                  1
           30 2005                  2
           30 2006                  1
           30 2007                  1
           40 2002                  1
           50 2003                  3
           50 2004                  4

DEPARTMENT_ID TO_C COUNT(EMPLOYEE_ID)
------------- ---- ------------------
           50 2005                 12
           50 2006                 13
           50 2007                  9
           50 2008                  4
           60 2005                  1
           60 2006                  2
           60 2007                  2
           70 2002                  1
           80 2004                  5
           80 2005                 10
           80 2006                  7

DEPARTMENT_ID TO_C COUNT(EMPLOYEE_ID)
------------- ---- ------------------
           80 2007                  5
           80 2008                  7
           90 2001                  1
           90 2003                  1
           90 2005                  1
          100 2002                  2
          100 2005                  2
          100 2006                  1
          100 2007                  1
          110 2002                  2
              2007                  1

33 rows selected.

SQL>  select distinct department_id from employees
  2  group by department_id,manager_id
  3  having count(Employee_id) > 5;

DEPARTMENT_ID
-------------
           80
           50

SQL> update Employees set salary=8000 where employee_id=115 and salary<6000;

1 row updated.

SQL> select employee_id,salary from employees;

EMPLOYEE_ID     SALARY
----------- ----------
        100      24000
        101      17000
        102      17000
        103       9000
        104       6000
        105       4800
        106       4800
        107       4200
        108      12008
        109       9000
        110       8200

EMPLOYEE_ID     SALARY
----------- ----------
        111       7700
        112       7800
        113       6900
        114      11000
        115       8000
        116       2900
        117       2800
        118       2600
        119       2500
        120       8000
        121       8200

EMPLOYEE_ID     SALARY
----------- ----------
        122       7900
        123       6500
        124       5800
        125       3200
        126       2700
        127       2400
        128       2200
        129       3300
        130       2800
        131       2500
        132       2100

EMPLOYEE_ID     SALARY
----------- ----------
        133       3300
        134       2900
        135       2400
        136       2200
        137       3600
        138       3200
        139       2700
        140       2500
        141       3500
        142       3100
        143       2600

EMPLOYEE_ID     SALARY
----------- ----------
        144       2500
        145      14000
        146      13500
        147      12000
        148      11000
        149      10500
        150      10000
        151       9500
        152       9000
        153       8000
        154       7500

EMPLOYEE_ID     SALARY
----------- ----------
        155       7000
        156      10000
        157       9500
        158       9000
        159       8000
        160       7500
        161       7000
        162      10500
        163       9500
        164       7200
        165       6800

EMPLOYEE_ID     SALARY
----------- ----------
        166       6400
        167       6200
        168      11500
        169      10000
        170       9600
        171       7400
        172       7300
        173       6100
        174      11000
        175       8800
        176       8600

EMPLOYEE_ID     SALARY
----------- ----------
        177       8400
        178       7000
        179       6200
        180       3200
        181       3100
        182       2500
        183       2800
        184       4200
        185       4100
        186       3400
        187       3000

EMPLOYEE_ID     SALARY
----------- ----------
        188       3800
        189       3600
        190       2900
        191       2500
        192       4000
        193       3900
        194       3200
        195       2800
        196       3100
        197       3000
        198       2600

EMPLOYEE_ID     SALARY
----------- ----------
        199       2600
        200       4400
        201      13000
        202       6000
        203       6500
        204      10000
        205      12008
        206       8300

107 rows selected.

SQL> select employee_id,salary from employees where employee_id=115;;
select employee_id,salary from employees where employee_id=115;
                                                              *
ERROR at line 1:
ORA-00911: invalid character


SQL> select employee_id,salary from employees where employee_id=115;

EMPLOYEE_ID     SALARY
----------- ----------
        115       8000

SQL> Insert into departments(150,'SPORTS',120,1200)
  2  ;
Insert into departments(150,'SPORTS',120,1200)
                        *
ERROR at line 1:
ORA-00928: missing SELECT keyword


SQL> Insert into departments values(150,'SPORTS',120,1200);
Insert into departments values(150,'SPORTS',120,1200)
*
ERROR at line 1:
ORA-00001: unique constraint (HR.DEPT_ID_PK) violated


SQL> SELECT DEPARTMENT_NAME,COUNT(*) FROM EMPLOYEES JOIN DEPARTMENTS USING(DEPARTMENT_ID) GROUP BY DEPARTMENT_NAME;

DEPARTMENT_NAME                  COUNT(*)
------------------------------ ----------
Administration                          1
Accounting                              2
Purchasing                              6
Human Resources                         1
IT                                      5
Public Relations                        1
Executive                               3
Shipping                               45
Sales                                  34
Finance                                 6
Marketing                               2

11 rows selected.

SQL> SELECT EMPLOYEE_ID,JOB_TITLE,END_DATE-START_DATE DAYS
  2   FROM JOB_HISTORY NATURAL JOIN JOBS
  3  WHERE DEPARTMENT_ID=30;

no rows selected

SQL> SELECT EMPLOYEE_ID,JOB_TITLE,END_DATE-START_DATE DAYS
  2   FROM JOB_HISTORY NATURAL JOIN JOBS
  3  WHERE DEPARTMENT_ID=20;

EMPLOYEE_ID JOB_TITLE                                 DAYS
----------- ----------------------------------- ----------
        201 Marketing Representative                  1401

SQL> SELECT DEPARTMENT_NAME,FIRST_NAME FROM DEPARTMENTS D JOIN EMPLOYEES E ON(D.MANAGER_ID=E.EMPLOYEE_ID);

DEPARTMENT_NAME                FIRST_NAME
------------------------------ --------------------
Public Relations               Hermann
Shipping                       Adam
Finance                        Nancy
Marketing                      Michael
Accounting                     Shelley
IT                             Alexander
Executive                      Steven
Human Resources                Susan
Purchasing                     Den
Sales                          John
Administration                 Jennifer

11 rows selected.

SQL> SELECT DEPARTMENT_NAME,FIRST_NAME,CITY FROM DEPARTMENTS D JOIN EMPLOYEES E ON(D.MANAGER_ID=E.EMPLOYEE_ID)
  2  JOIN LOCATIONS L USING(LOCATION_ID);

DEPARTMENT_NAME                FIRST_NAME
------------------------------ --------------------
CITY
------------------------------
Public Relations               Hermann
Munich

Shipping                       Adam
South San Francisco

Finance                        Nancy
Seattle


DEPARTMENT_NAME                FIRST_NAME
------------------------------ --------------------
CITY
------------------------------
Marketing                      Michael
Toronto

Accounting                     Shelley
Seattle

IT                             Alexander
Southlake


DEPARTMENT_NAME                FIRST_NAME
------------------------------ --------------------
CITY
------------------------------
Executive                      Steven
Seattle

Human Resources                Susan
London

Purchasing                     Den
Seattle


DEPARTMENT_NAME                FIRST_NAME
------------------------------ --------------------
CITY
------------------------------
Sales                          John
Oxford

Administration                 Jennifer
Seattle


11 rows selected.

SQL> SELECT COUNTRY_NAME,CITY,DEPARTMENT_NAME
  2  FROM COUNTRIES JOIN LOCATIONS USING (COUNTRY_ID)
  3  JOIN DEPARTMENTS USING (LOCATION_ID);

COUNTRY_NAME                             CITY
---------------------------------------- ------------------------------
DEPARTMENT_NAME
------------------------------
United States of America                 Southlake
IT

United States of America                 South San Francisco
Shipping

United States of America                 Seattle
Administration


COUNTRY_NAME                             CITY
---------------------------------------- ------------------------------
DEPARTMENT_NAME
------------------------------
United States of America                 Seattle
Purchasing

United States of America                 Seattle
Executive

United States of America                 Seattle
Finance


COUNTRY_NAME                             CITY
---------------------------------------- ------------------------------
DEPARTMENT_NAME
------------------------------
United States of America                 Seattle
Accounting

United States of America                 Seattle
Treasury

United States of America                 Seattle
Corporate Tax


COUNTRY_NAME                             CITY
---------------------------------------- ------------------------------
DEPARTMENT_NAME
------------------------------
United States of America                 Seattle
Control And Credit

United States of America                 Seattle
Shareholder Services

United States of America                 Seattle
Benefits


COUNTRY_NAME                             CITY
---------------------------------------- ------------------------------
DEPARTMENT_NAME
------------------------------
United States of America                 Seattle
Manufacturing

United States of America                 Seattle
Construction

United States of America                 Seattle
Contracting


COUNTRY_NAME                             CITY
---------------------------------------- ------------------------------
DEPARTMENT_NAME
------------------------------
United States of America                 Seattle
Operations

United States of America                 Seattle
IT Support

United States of America                 Seattle
NOC


COUNTRY_NAME                             CITY
---------------------------------------- ------------------------------
DEPARTMENT_NAME
------------------------------
United States of America                 Seattle
IT Helpdesk

United States of America                 Seattle
Government Sales

United States of America                 Seattle
Retail Sales


COUNTRY_NAME                             CITY
---------------------------------------- ------------------------------
DEPARTMENT_NAME
------------------------------
United States of America                 Seattle
Recruiting

United States of America                 Seattle
Payroll

Canada                                   Toronto
Marketing


COUNTRY_NAME                             CITY
---------------------------------------- ------------------------------
DEPARTMENT_NAME
------------------------------
United Kingdom                           London
Human Resources

United Kingdom                           Oxford
Sales

Germany                                  Munich
Public Relations


27 rows selected.

SQL> SELECT JOB_TITLE,DEPARTMENT_NAME,LAST_NAME,START_DATE
  2  FROM JOB_HISTORY JOIN JOBS USING(JOB_ID) JOIN DEPARTMENTS
  3  USING(DEPARTMENT_ID) JOIN EMPLOYEES USING(EMPLOYEE_ID)
  4  WHERE TO_CHAR(START_DATE,'YYYY') BETWEEN 2000 AND 2005;

JOB_TITLE                           DEPARTMENT_NAME
----------------------------------- ------------------------------
LAST_NAME                 START_DAT
------------------------- ---------
Marketing Representative            Marketing
Hartstein                 17-FEB-04

Programmer                          IT
De Haan                   13-JAN-01

Public Accountant                   Executive
Whalen                    01-JUL-02


JOB_TITLE                           DEPARTMENT_NAME
----------------------------------- ------------------------------
LAST_NAME                 START_DAT
------------------------- ---------
Accounting Manager                  Accounting
Kochhar                   28-OCT-01


SQL> SELECT JOB_TITLE,AVG(SALARY) FROM EMPLOYEES
  2  NATURAL JOIN JOBS GROUP BY JOB_TITLE;

JOB_TITLE                           AVG(SALARY)
----------------------------------- -----------
Accounting Manager                        12008
Programmer                                 5760
Public Relations Representative           10000
Purchasing Clerk                           3760
Sales Representative                       8350
Administration Vice President             17000
Marketing Representative                   6000
Stock Manager                              7280
Administration Assistant                   4400
President                                 24000
Finance Manager                           12008

JOB_TITLE                           AVG(SALARY)
----------------------------------- -----------
Purchasing Manager                        11000
Human Resources Representative             6500
Accountant                                 7920
Shipping Clerk                             3215
Stock Clerk                                2785
Public Accountant                          8300
Marketing Manager                         13000
Sales Manager                             12200

19 rows selected.

SQL> SELECT JOB_TITLE,FIRST_NAME,MAX_SALARY-SALARY DIFFERENCE FROM EMPLOYEES NATURAL JOIN JOBS;

JOB_TITLE                           FIRST_NAME           DIFFERENCE
----------------------------------- -------------------- ----------
Public Accountant                   William                     700
Accounting Manager                  Shelley                    3992
Administration Assistant            Jennifer                   1600
President                           Steven                    16000
Administration Vice President       Lex                       13000
Administration Vice President       Neena                     13000
Accountant                          John                        800
Accountant                          Daniel                        0
Accountant                          Luis                       2100
Accountant                          Ismael                     1300
Accountant                          Jose Manuel                1200

JOB_TITLE                           FIRST_NAME           DIFFERENCE
----------------------------------- -------------------- ----------
Finance Manager                     Nancy                      3992
Human Resources Representative      Susan                      2500
Programmer                          Alexander                  1000
Programmer                          Bruce                      4000
Programmer                          Diana                      5800
Programmer                          Valli                      5200
Programmer                          David                      5200
Marketing Manager                   Michael                    2000
Marketing Representative            Pat                        3000
Public Relations Representative     Hermann                     500
Purchasing Clerk                    Shelli                     2600

JOB_TITLE                           FIRST_NAME           DIFFERENCE
----------------------------------- -------------------- ----------
Purchasing Clerk                    Alexander                 -2500
Purchasing Clerk                    Sigal                      2700
Purchasing Clerk                    Guy                        2900
Purchasing Clerk                    Karen                      3000
Purchasing Manager                  Den                        4000
Sales Manager                       Gerald                     9080
Sales Manager                       Alberto                    8080
Sales Manager                       Karen                      6580
Sales Manager                       John                       6080
Sales Manager                       Eleni                      9580
Sales Representative                Oliver                     5008

JOB_TITLE                           FIRST_NAME           DIFFERENCE
----------------------------------- -------------------- ----------
Sales Representative                Janette                    2008
Sales Representative                Patrick                    2508
Sales Representative                Allan                      3008
Sales Representative                Lindsey                    4008
Sales Representative                Louise                     4508
Sales Representative                Sarath                     5008
Sales Representative                Charles                    5808
Sales Representative                Danielle                   2508
Sales Representative                Mattea                     4808
Sales Representative                David                      5208
Sales Representative                Sundar                     5608

JOB_TITLE                           FIRST_NAME           DIFFERENCE
----------------------------------- -------------------- ----------
Sales Representative                Amit                       5808
Sales Representative                Lisa                        508
Sales Representative                Harrison                   2008
Sales Representative                Tayler                     2408
Sales Representative                William                    4608
Sales Representative                Elizabeth                  4708
Sales Representative                Sundita                    5908
Sales Representative                Ellen                      1008
Sales Representative                Alyssa                     3208
Sales Representative                Jonathon                   3408
Sales Representative                Jack                       3608

JOB_TITLE                           FIRST_NAME           DIFFERENCE
----------------------------------- -------------------- ----------
Sales Representative                Kimberely                  5008
Sales Representative                Nanette                    4508
Sales Representative                Christopher                4008
Sales Representative                Peter                      3008
Sales Representative                David                      2508
Sales Representative                Peter                      2008
Sales Representative                Clara                      1508
Shipping Clerk                      Nandita                    1300
Shipping Clerk                      Alexis                     1400
Shipping Clerk                      Julia                      2100
Shipping Clerk                      Anthony                    2500

JOB_TITLE                           FIRST_NAME           DIFFERENCE
----------------------------------- -------------------- ----------
Shipping Clerk                      Kelly                      1700
Shipping Clerk                      Jennifer                   1900
Shipping Clerk                      Timothy                    2600
Shipping Clerk                      Randall                    3000
Shipping Clerk                      Sarah                      1500
Shipping Clerk                      Britney                    1600
Shipping Clerk                      Samuel                     2300
Shipping Clerk                      Vance                      2700
Shipping Clerk                      Alana                      2400
Shipping Clerk                      Kevin                      2500
Shipping Clerk                      Donald                     2900

JOB_TITLE                           FIRST_NAME           DIFFERENCE
----------------------------------- -------------------- ----------
Shipping Clerk                      Douglas                    2900
Shipping Clerk                      Winston                    2300
Shipping Clerk                      Jean                       2400
Shipping Clerk                      Martha                     3000
Shipping Clerk                      Girard                     2700
Stock Clerk                         TJ                         2900
Stock Clerk                         Randall                    2400
Stock Clerk                         Curtis                     1900
Stock Clerk                         Trenna                     1500
Stock Clerk                         Joshua                     2500
Stock Clerk                         Julia                      1800

JOB_TITLE                           FIRST_NAME           DIFFERENCE
----------------------------------- -------------------- ----------
Stock Clerk                         Irene                      2300
Stock Clerk                         James                      2600
Stock Clerk                         Steven                     2800
Stock Clerk                         Laura                      1700
Stock Clerk                         Mozhe                      2200
Stock Clerk                         James                      2500
Stock Clerk                         Peter                      2500
Stock Clerk                         Jason                      1700
Stock Clerk                         Michael                    2100
Stock Clerk                         Ki                         2600
Stock Clerk                         Hazel                      2800

JOB_TITLE                           FIRST_NAME           DIFFERENCE
----------------------------------- -------------------- ----------
Stock Clerk                         Renske                     1400
Stock Clerk                         Stephen                    1800
Stock Clerk                         John                       2300
Stock Manager                       Kevin                      2700
Stock Manager                       Shanta                     2000
Stock Manager                       Payam                       600
Stock Manager                       Adam                        300
Stock Manager                       Matthew                     500

107 rows selected.

SQL>  SELECT JOB_TITLE,FIRST_NAME,MAX_SALARY-SALARY DIFFERENCE FROM EMPLOYEES NATURAL JOIN JOBS WHERE DEPARTMENT_ID=30;

JOB_TITLE                           FIRST_NAME           DIFFERENCE
----------------------------------- -------------------- ----------
Purchasing Clerk                    Shelli                     2600
Purchasing Clerk                    Alexander                 -2500
Purchasing Clerk                    Karen                      3000
Purchasing Clerk                    Sigal                      2700
Purchasing Clerk                    Guy                        2900
Purchasing Manager                  Den                        4000

6 rows selected.

SQL> select department_name,first_name,salary
  2  from departments d join employees e on(D.manager_id=E.manager.id)
  3  ;
from departments d join employees e on(D.manager_id=E.manager.id)
                                                    *
ERROR at line 2:
ORA-00904: "E"."MANAGER"."ID": invalid identifier


SQL> select department_name,first_name,salary
  2  from departments d join employees e on(D.manager_id=E.manager_id)
  3  where (sysdate-hire_date)/365>5;

DEPARTMENT_NAME                FIRST_NAME               SALARY
------------------------------ -------------------- ----------
Executive                      Neena                     17000
Executive                      Lex                       17000
IT                             Bruce                      6000
IT                             David                      4800
IT                             Valli                      4800
IT                             Diana                      4200
Finance                        Daniel                     9000
Finance                        John                       8200
Finance                        Ismael                     7700
Finance                        Jose Manuel                7800
Finance                        Luis                       6900

DEPARTMENT_NAME                FIRST_NAME               SALARY
------------------------------ -------------------- ----------
Executive                      Den                       11000
Purchasing                     Alexander                  8000
Purchasing                     Shelli                     2900
Purchasing                     Sigal                      2800
Purchasing                     Guy                        2600
Purchasing                     Karen                      2500
Executive                      Matthew                    8000
Executive                      Adam                       8200
Executive                      Payam                      7900
Executive                      Shanta                     6500
Executive                      Kevin                      5800

DEPARTMENT_NAME                FIRST_NAME               SALARY
------------------------------ -------------------- ----------
Shipping                       Laura                      3300
Shipping                       Mozhe                      2800
Shipping                       James                      2500
Shipping                       TJ                         2100
Executive                      John                      14000
Executive                      Karen                     13500
Executive                      Alberto                   12000
Executive                      Gerald                    11000
Executive                      Eleni                     10500
Sales                          Peter                     10000
Sales                          David                      9500

DEPARTMENT_NAME                FIRST_NAME               SALARY
------------------------------ -------------------- ----------
Sales                          Peter                      9000
Sales                          Christopher                8000
Sales                          Nanette                    7500
Sales                          Oliver                     7000
Shipping                       Nandita                    4200
Shipping                       Alexis                     4100
Shipping                       Julia                      3400
Shipping                       Anthony                    3000
Executive                      Michael                   13000
Marketing                      Pat                        6000
Accounting                     William                    8300

44 rows selected.

SQL> select first_name,country_name from employees join departments using(department_id)
  2   join locations using(location_id)
  3  join countries using(country_id);

FIRST_NAME           COUNTRY_NAME
-------------------- ----------------------------------------
Ellen                United Kingdom
Sundar               United Kingdom
Mozhe                United States of America
David                United States of America
Hermann              Germany
Shelli               United States of America
Amit                 United Kingdom
Elizabeth            United Kingdom
Sarah                United States of America
David                United Kingdom
Laura                United States of America

FIRST_NAME           COUNTRY_NAME
-------------------- ----------------------------------------
Harrison             United Kingdom
Alexis               United States of America
Anthony              United States of America
Gerald               United Kingdom
Nanette              United Kingdom
John                 United States of America
Kelly                United States of America
Karen                United States of America
Curtis               United States of America
Lex                  United States of America
Julia                United States of America

FIRST_NAME           COUNTRY_NAME
-------------------- ----------------------------------------
Jennifer             United States of America
Louise               United Kingdom
Bruce                United States of America
Alberto              United Kingdom
Britney              United States of America
Daniel               United States of America
Pat                  Canada
Kevin                United States of America
Jean                 United States of America
Tayler               United Kingdom
Adam                 United States of America

FIRST_NAME           COUNTRY_NAME
-------------------- ----------------------------------------
Timothy              United States of America
Ki                   United States of America
Girard               United States of America
William              United States of America
Douglas              United States of America
Nancy                United States of America
Danielle             United Kingdom
Peter                United Kingdom
Michael              Canada
Shelley              United States of America
Guy                  United States of America

FIRST_NAME           COUNTRY_NAME
-------------------- ----------------------------------------
Alexander            United States of America
Alyssa               United Kingdom
Charles              United Kingdom
Vance                United States of America
Payam                United States of America
Alexander            United States of America
Janette              United Kingdom
Steven               United States of America
Neena                United States of America
Sundita              United Kingdom
Renske               United States of America

FIRST_NAME           COUNTRY_NAME
-------------------- ----------------------------------------
James                United States of America
David                United Kingdom
Jack                 United Kingdom
Diana                United States of America
Jason                United States of America
Steven               United States of America
James                United States of America
Mattea               United Kingdom
Randall              United States of America
Susan                United Kingdom
Samuel               United States of America

FIRST_NAME           COUNTRY_NAME
-------------------- ----------------------------------------
Allan                United Kingdom
Irene                United States of America
Kevin                United States of America
Julia                United States of America
Donald               United States of America
Christopher          United Kingdom
TJ                   United States of America
Lisa                 United Kingdom
Karen                United Kingdom
Valli                United States of America
Joshua               United States of America

FIRST_NAME           COUNTRY_NAME
-------------------- ----------------------------------------
Randall              United States of America
Hazel                United States of America
Luis                 United States of America
Trenna               United States of America
Den                  United States of America
Michael              United States of America
John                 United Kingdom
Nandita              United States of America
Ismael               United States of America
John                 United States of America
Sarath               United Kingdom

FIRST_NAME           COUNTRY_NAME
-------------------- ----------------------------------------
Lindsey              United Kingdom
William              United Kingdom
Stephen              United States of America
Martha               United States of America
Patrick              United Kingdom
Jonathon             United Kingdom
Winston              United States of America
Sigal                United States of America
Peter                United Kingdom
Oliver               United Kingdom
Jose Manuel          United States of America

FIRST_NAME           COUNTRY_NAME
-------------------- ----------------------------------------
Peter                United States of America
Clara                United Kingdom
Shanta               United States of America
Alana                United States of America
Matthew              United States of America
Jennifer             United States of America
Eleni                United Kingdom

106 rows selected.

SQL> select department_name,Avg(salary),count(commission_pct)
  2  from departments join employees using(department_id)
  3  group by department_name;

DEPARTMENT_NAME                AVG(SALARY) COUNT(COMMISSION_PCT)
------------------------------ ----------- ---------------------
Administration                        4400                     0
Accounting                           10154                     0
Purchasing                      4966.66667                     0
Human Resources                       6500                     0
IT                                    5760                     0
Public Relations                     10000                     0
Executive                       19333.3333                     0
Shipping                        3475.55556                     0
Sales                           8955.88235                    34
Finance                         8601.33333                     0
Marketing                             9500                     0

11 rows selected.

SQL> select * from departments where department_id in
  2  (select department_id from employees
  3  group by department_id
  4  having max(salary)>1000);

DEPARTMENT_ID DEPARTMENT_NAME                MANAGER_ID LOCATION_ID
------------- ------------------------------ ---------- -----------
          100 Finance                               108        1700
           30 Purchasing                            114        1700
           90 Executive                             100        1700
           20 Marketing                             201        1800
           70 Public Relations                      204        2700
          110 Accounting                            205        1700
           50 Shipping                              121        1500
           80 Sales                                 145        2500
           40 Human Resources                       203        2400
           60 IT                                    103        1400
           10 Administration                        200        1700

11 rows selected.

SQL> select to_char(hire_date,'MON-YY')
  2  FROM EMPLOYEES JOIN DEPARTMENTS USING (DEPARTMENT_ID) JOIN LOCATIONS USING (LOCATION_ID)
  3  WHERE CITY='CANADA')
  4  GROUP BY TO_CHAR(HIRE_DATE,'MON-YY')
  5  HAVING COUNT(*)>5;
WHERE CITY='CANADA')
                   *
ERROR at line 3:
ORA-00933: SQL command not properly ended


SQL> select to_char(hire_date,'MON-YY')
  2  FROM EMPLOYEES JOIN DEPARTMENTS USING (DEPARTMENT_ID) JOIN LOCATIONS USING (LOCATION_ID)
  3  WHERE CITY='CANADA'
  4  GROUP BY TO_CHAR(HIRE_DATE,'MON-YY')
  5  HAVING COUNT(*)>5;

no rows selected

SQL> select to_char(hire_date,'MON-YY')
  2  FROM EMPLOYEES JOIN DEPARTMENTS USING (DEPARTMENT_ID) JOIN LOCATIONS USING (LOCATION_ID)
  3  WHERE CITY='United Kingdom'
  4  GROUP BY TO_CHAR(HIRE_DATE,'MON-YY')
  5  HAVING COUNT(*)>5;

no rows selected

SQL> select to_char(hire_date,'MON-YY')
  2  FROM EMPLOYEES JOIN DEPARTMENTS USING (DEPARTMENT_ID) JOIN LOCATIONS USING (LOCATION_ID)
  3  WHERE CITY='Seattle'
  4  GROUP BY TO_CHAR(HIRE_DATE,'MON-YY')
  5  HAVING COUNT(*)>5;

no rows selected

SQL> select * from employees where employee_id not in (select employee_id from job_history);

EMPLOYEE_ID FIRST_NAME           LAST_NAME
----------- -------------------- -------------------------
EMAIL                     PHONE_NUMBER         HIRE_DATE JOB_ID         SALARY
------------------------- -------------------- --------- ---------- ----------
COMMISSION_PCT MANAGER_ID DEPARTMENT_ID
-------------- ---------- -------------
        100 Steven               King
SKING                     515.123.4567         17-JUN-03 AD_PRES         24000
                                     90

        103 Alexander            Hunold
AHUNOLD                   590.423.4567         03-JAN-06 IT_PROG          9000
                      102            60

EMPLOYEE_ID FIRST_NAME           LAST_NAME
----------- -------------------- -------------------------
EMAIL                     PHONE_NUMBER         HIRE_DATE JOB_ID         SALARY
------------------------- -------------------- --------- ---------- ----------
COMMISSION_PCT MANAGER_ID DEPARTMENT_ID
-------------- ---------- -------------

        104 Bruce                Ernst
BERNST                    590.423.4568         21-MAY-07 IT_PROG          6000
                      103            60

        105 David                Austin
DAUSTIN                   590.423.4569         25-JUN-05 IT_PROG          4800

EMPLOYEE_ID FIRST_NAME           LAST_NAME
----------- -------------------- -------------------------
EMAIL                     PHONE_NUMBER         HIRE_DATE JOB_ID         SALARY
------------------------- -------------------- --------- ---------- ----------
COMMISSION_PCT MANAGER_ID DEPARTMENT_ID
-------------- ---------- -------------
                      103            60

        106 Valli                Pataballa
VPATABAL                  590.423.4560         05-FEB-06 IT_PROG          4800
                      103            60

        107 Diana                Lorentz

EMPLOYEE_ID FIRST_NAME           LAST_NAME
----------- -------------------- -------------------------
EMAIL                     PHONE_NUMBER         HIRE_DATE JOB_ID         SALARY
------------------------- -------------------- --------- ---------- ----------
COMMISSION_PCT MANAGER_ID DEPARTMENT_ID
-------------- ---------- -------------
DLORENTZ                  590.423.5567         07-FEB-07 IT_PROG          4200
                      103            60

        108 Nancy                Greenberg
NGREENBE                  515.124.4569         17-AUG-02 FI_MGR          12008
                      101           100


EMPLOYEE_ID FIRST_NAME           LAST_NAME
----------- -------------------- -------------------------
EMAIL                     PHONE_NUMBER         HIRE_DATE JOB_ID         SALARY
------------------------- -------------------- --------- ---------- ----------
COMMISSION_PCT MANAGER_ID DEPARTMENT_ID
-------------- ---------- -------------
        109 Daniel               Faviet
DFAVIET                   515.124.4169         16-AUG-02 FI_ACCOUNT       9000
                      108           100

        110 John                 Chen
JCHEN                     515.124.4269         28-SEP-05 FI_ACCOUNT       8200
                      108           100

EMPLOYEE_ID FIRST_NAME           LAST_NAME
----------- -------------------- -------------------------
EMAIL                     PHONE_NUMBER         HIRE_DATE JOB_ID         SALARY
------------------------- -------------------- --------- ---------- ----------
COMMISSION_PCT MANAGER_ID DEPARTMENT_ID
-------------- ---------- -------------

        111 Ismael               Sciarra
ISCIARRA                  515.124.4369         30-SEP-05 FI_ACCOUNT       7700
                      108           100

        112 Jose Manuel          Urman
JMURMAN                   515.124.4469         07-MAR-06 FI_ACCOUNT       7800

EMPLOYEE_ID FIRST_NAME           LAST_NAME
----------- -------------------- -------------------------
EMAIL                     PHONE_NUMBER         HIRE_DATE JOB_ID         SALARY
------------------------- -------------------- --------- ---------- ----------
COMMISSION_PCT MANAGER_ID DEPARTMENT_ID
-------------- ---------- -------------
                      108           100

        113 Luis                 Popp
LPOPP                     515.124.4567         07-DEC-07 FI_ACCOUNT       6900
                      108           100

        115 Alexander            Khoo

EMPLOYEE_ID FIRST_NAME           LAST_NAME
----------- -------------------- -------------------------
EMAIL                     PHONE_NUMBER         HIRE_DATE JOB_ID         SALARY
------------------------- -------------------- --------- ---------- ----------
COMMISSION_PCT MANAGER_ID DEPARTMENT_ID
-------------- ---------- -------------
AKHOO                     515.127.4562         18-MAY-03 PU_CLERK         8000
                      114            30

        116 Shelli               Baida
SBAIDA                    515.127.4563         24-DEC-05 PU_CLERK         2900
                      114            30


EMPLOYEE_ID FIRST_NAME           LAST_NAME
----------- -------------------- -------------------------
EMAIL                     PHONE_NUMBER         HIRE_DATE JOB_ID         SALARY
------------------------- -------------------- --------- ---------- ----------
COMMISSION_PCT MANAGER_ID DEPARTMENT_ID
-------------- ---------- -------------
        117 Sigal                Tobias
STOBIAS                   515.127.4564         24-JUL-05 PU_CLERK         2800
                      114            30

        118 Guy                  Himuro
GHIMURO                   515.127.4565         15-NOV-06 PU_CLERK         2600
                      114            30

EMPLOYEE_ID FIRST_NAME           LAST_NAME
----------- -------------------- -------------------------
EMAIL                     PHONE_NUMBER         HIRE_DATE JOB_ID         SALARY
------------------------- -------------------- --------- ---------- ----------
COMMISSION_PCT MANAGER_ID DEPARTMENT_ID
-------------- ---------- -------------

        119 Karen                Colmenares
KCOLMENA                  515.127.4566         10-AUG-07 PU_CLERK         2500
                      114            30

        120 Matthew              Weiss
MWEISS                    650.123.1234         18-JUL-04 ST_MAN           8000

EMPLOYEE_ID FIRST_NAME           LAST_NAME
----------- -------------------- -------------------------
EMAIL                     PHONE_NUMBER         HIRE_DATE JOB_ID         SALARY
------------------------- -------------------- --------- ---------- ----------
COMMISSION_PCT MANAGER_ID DEPARTMENT_ID
-------------- ---------- -------------
                      100            50

        121 Adam                 Fripp
AFRIPP                    650.123.2234         10-APR-05 ST_MAN           8200
                      100            50

        123 Shanta               Vollman

EMPLOYEE_ID FIRST_NAME           LAST_NAME
----------- -------------------- -------------------------
EMAIL                     PHONE_NUMBER         HIRE_DATE JOB_ID         SALARY
------------------------- -------------------- --------- ---------- ----------
COMMISSION_PCT MANAGER_ID DEPARTMENT_ID
-------------- ---------- -------------
SVOLLMAN                  650.123.4234         10-OCT-05 ST_MAN           6500
                      100            50

        124 Kevin                Mourgos
KMOURGOS                  650.123.5234         16-NOV-07 ST_MAN           5800
                      100            50


EMPLOYEE_ID FIRST_NAME           LAST_NAME
----------- -------------------- -------------------------
EMAIL                     PHONE_NUMBER         HIRE_DATE JOB_ID         SALARY
------------------------- -------------------- --------- ---------- ----------
COMMISSION_PCT MANAGER_ID DEPARTMENT_ID
-------------- ---------- -------------
        125 Julia                Nayer
JNAYER                    650.124.1214         16-JUL-05 ST_CLERK         3200
                      120            50

        126 Irene                Mikkilineni
IMIKKILI                  650.124.1224         28-SEP-06 ST_CLERK         2700
                      120            50

EMPLOYEE_ID FIRST_NAME           LAST_NAME
----------- -------------------- -------------------------
EMAIL                     PHONE_NUMBER         HIRE_DATE JOB_ID         SALARY
------------------------- -------------------- --------- ---------- ----------
COMMISSION_PCT MANAGER_ID DEPARTMENT_ID
-------------- ---------- -------------

        127 James                Landry
JLANDRY                   650.124.1334         14-JAN-07 ST_CLERK         2400
                      120            50

        128 Steven               Markle
SMARKLE                   650.124.1434         08-MAR-08 ST_CLERK         2200

EMPLOYEE_ID FIRST_NAME           LAST_NAME
----------- -------------------- -------------------------
EMAIL                     PHONE_NUMBER         HIRE_DATE JOB_ID         SALARY
------------------------- -------------------- --------- ---------- ----------
COMMISSION_PCT MANAGER_ID DEPARTMENT_ID
-------------- ---------- -------------
                      120            50

        129 Laura                Bissot
LBISSOT                   650.124.5234         20-AUG-05 ST_CLERK         3300
                      121            50

        130 Mozhe                Atkinson

EMPLOYEE_ID FIRST_NAME           LAST_NAME
----------- -------------------- -------------------------
EMAIL                     PHONE_NUMBER         HIRE_DATE JOB_ID         SALARY
------------------------- -------------------- --------- ---------- ----------
COMMISSION_PCT MANAGER_ID DEPARTMENT_ID
-------------- ---------- -------------
MATKINSO                  650.124.6234         30-OCT-05 ST_CLERK         2800
                      121            50

        131 James                Marlow
JAMRLOW                   650.124.7234         16-FEB-05 ST_CLERK         2500
                      121            50


EMPLOYEE_ID FIRST_NAME           LAST_NAME
----------- -------------------- -------------------------
EMAIL                     PHONE_NUMBER         HIRE_DATE JOB_ID         SALARY
------------------------- -------------------- --------- ---------- ----------
COMMISSION_PCT MANAGER_ID DEPARTMENT_ID
-------------- ---------- -------------
        132 TJ                   Olson
TJOLSON                   650.124.8234         10-APR-07 ST_CLERK         2100
                      121            50

        133 Jason                Mallin
JMALLIN                   650.127.1934         14-JUN-04 ST_CLERK         3300
                      122            50

EMPLOYEE_ID FIRST_NAME           LAST_NAME
----------- -------------------- -------------------------
EMAIL                     PHONE_NUMBER         HIRE_DATE JOB_ID         SALARY
------------------------- -------------------- --------- ---------- ----------
COMMISSION_PCT MANAGER_ID DEPARTMENT_ID
-------------- ---------- -------------

        134 Michael              Rogers
MROGERS                   650.127.1834         26-AUG-06 ST_CLERK         2900
                      122            50

        135 Ki                   Gee
KGEE                      650.127.1734         12-DEC-07 ST_CLERK         2400

EMPLOYEE_ID FIRST_NAME           LAST_NAME
----------- -------------------- -------------------------
EMAIL                     PHONE_NUMBER         HIRE_DATE JOB_ID         SALARY
------------------------- -------------------- --------- ---------- ----------
COMMISSION_PCT MANAGER_ID DEPARTMENT_ID
-------------- ---------- -------------
                      122            50

        136 Hazel                Philtanker
HPHILTAN                  650.127.1634         06-FEB-08 ST_CLERK         2200
                      122            50

        137 Renske               Ladwig

EMPLOYEE_ID FIRST_NAME           LAST_NAME
----------- -------------------- -------------------------
EMAIL                     PHONE_NUMBER         HIRE_DATE JOB_ID         SALARY
------------------------- -------------------- --------- ---------- ----------
COMMISSION_PCT MANAGER_ID DEPARTMENT_ID
-------------- ---------- -------------
RLADWIG                   650.121.1234         14-JUL-03 ST_CLERK         3600
                      123            50

        138 Stephen              Stiles
SSTILES                   650.121.2034         26-OCT-05 ST_CLERK         3200
                      123            50


EMPLOYEE_ID FIRST_NAME           LAST_NAME
----------- -------------------- -------------------------
EMAIL                     PHONE_NUMBER         HIRE_DATE JOB_ID         SALARY
------------------------- -------------------- --------- ---------- ----------
COMMISSION_PCT MANAGER_ID DEPARTMENT_ID
-------------- ---------- -------------
        139 John                 Seo
JSEO                      650.121.2019         12-FEB-06 ST_CLERK         2700
                      123            50

        140 Joshua               Patel
JPATEL                    650.121.1834         06-APR-06 ST_CLERK         2500
                      123            50

EMPLOYEE_ID FIRST_NAME           LAST_NAME
----------- -------------------- -------------------------
EMAIL                     PHONE_NUMBER         HIRE_DATE JOB_ID         SALARY
------------------------- -------------------- --------- ---------- ----------
COMMISSION_PCT MANAGER_ID DEPARTMENT_ID
-------------- ---------- -------------

        141 Trenna               Rajs
TRAJS                     650.121.8009         17-OCT-03 ST_CLERK         3500
                      124            50

        142 Curtis               Davies
CDAVIES                   650.121.2994         29-JAN-05 ST_CLERK         3100

EMPLOYEE_ID FIRST_NAME           LAST_NAME
----------- -------------------- -------------------------
EMAIL                     PHONE_NUMBER         HIRE_DATE JOB_ID         SALARY
------------------------- -------------------- --------- ---------- ----------
COMMISSION_PCT MANAGER_ID DEPARTMENT_ID
-------------- ---------- -------------
                      124            50

        143 Randall              Matos
RMATOS                    650.121.2874         15-MAR-06 ST_CLERK         2600
                      124            50

        144 Peter                Vargas

EMPLOYEE_ID FIRST_NAME           LAST_NAME
----------- -------------------- -------------------------
EMAIL                     PHONE_NUMBER         HIRE_DATE JOB_ID         SALARY
------------------------- -------------------- --------- ---------- ----------
COMMISSION_PCT MANAGER_ID DEPARTMENT_ID
-------------- ---------- -------------
PVARGAS                   650.121.2004         09-JUL-06 ST_CLERK         2500
                      124            50

        145 John                 Russell
JRUSSEL                   011.44.1344.429268   01-OCT-04 SA_MAN          14000
            .4        100            80


EMPLOYEE_ID FIRST_NAME           LAST_NAME
----------- -------------------- -------------------------
EMAIL                     PHONE_NUMBER         HIRE_DATE JOB_ID         SALARY
------------------------- -------------------- --------- ---------- ----------
COMMISSION_PCT MANAGER_ID DEPARTMENT_ID
-------------- ---------- -------------
        146 Karen                Partners
KPARTNER                  011.44.1344.467268   05-JAN-05 SA_MAN          13500
            .3        100            80

        147 Alberto              Errazuriz
AERRAZUR                  011.44.1344.429278   10-MAR-05 SA_MAN          12000
            .3        100            80

EMPLOYEE_ID FIRST_NAME           LAST_NAME
----------- -------------------- -------------------------
EMAIL                     PHONE_NUMBER         HIRE_DATE JOB_ID         SALARY
------------------------- -------------------- --------- ---------- ----------
COMMISSION_PCT MANAGER_ID DEPARTMENT_ID
-------------- ---------- -------------

        148 Gerald               Cambrault
GCAMBRAU                  011.44.1344.619268   15-OCT-07 SA_MAN          11000
            .3        100            80

        149 Eleni                Zlotkey
EZLOTKEY                  011.44.1344.429018   29-JAN-08 SA_MAN          10500

EMPLOYEE_ID FIRST_NAME           LAST_NAME
----------- -------------------- -------------------------
EMAIL                     PHONE_NUMBER         HIRE_DATE JOB_ID         SALARY
------------------------- -------------------- --------- ---------- ----------
COMMISSION_PCT MANAGER_ID DEPARTMENT_ID
-------------- ---------- -------------
            .2        100            80

        150 Peter                Tucker
PTUCKER                   011.44.1344.129268   30-JAN-05 SA_REP          10000
            .3        145            80

        151 David                Bernstein

EMPLOYEE_ID FIRST_NAME           LAST_NAME
----------- -------------------- -------------------------
EMAIL                     PHONE_NUMBER         HIRE_DATE JOB_ID         SALARY
------------------------- -------------------- --------- ---------- ----------
COMMISSION_PCT MANAGER_ID DEPARTMENT_ID
-------------- ---------- -------------
DBERNSTE                  011.44.1344.345268   24-MAR-05 SA_REP           9500
           .25        145            80

        152 Peter                Hall
PHALL                     011.44.1344.478968   20-AUG-05 SA_REP           9000
           .25        145            80


EMPLOYEE_ID FIRST_NAME           LAST_NAME
----------- -------------------- -------------------------
EMAIL                     PHONE_NUMBER         HIRE_DATE JOB_ID         SALARY
------------------------- -------------------- --------- ---------- ----------
COMMISSION_PCT MANAGER_ID DEPARTMENT_ID
-------------- ---------- -------------
        153 Christopher          Olsen
COLSEN                    011.44.1344.498718   30-MAR-06 SA_REP           8000
            .2        145            80

        154 Nanette              Cambrault
NCAMBRAU                  011.44.1344.987668   09-DEC-06 SA_REP           7500
            .2        145            80

EMPLOYEE_ID FIRST_NAME           LAST_NAME
----------- -------------------- -------------------------
EMAIL                     PHONE_NUMBER         HIRE_DATE JOB_ID         SALARY
------------------------- -------------------- --------- ---------- ----------
COMMISSION_PCT MANAGER_ID DEPARTMENT_ID
-------------- ---------- -------------

        155 Oliver               Tuvault
OTUVAULT                  011.44.1344.486508   23-NOV-07 SA_REP           7000
           .15        145            80

        156 Janette              King
JKING                     011.44.1345.429268   30-JAN-04 SA_REP          10000

EMPLOYEE_ID FIRST_NAME           LAST_NAME
----------- -------------------- -------------------------
EMAIL                     PHONE_NUMBER         HIRE_DATE JOB_ID         SALARY
------------------------- -------------------- --------- ---------- ----------
COMMISSION_PCT MANAGER_ID DEPARTMENT_ID
-------------- ---------- -------------
           .35        146            80

        157 Patrick              Sully
PSULLY                    011.44.1345.929268   04-MAR-04 SA_REP           9500
           .35        146            80

        158 Allan                McEwen

EMPLOYEE_ID FIRST_NAME           LAST_NAME
----------- -------------------- -------------------------
EMAIL                     PHONE_NUMBER         HIRE_DATE JOB_ID         SALARY
------------------------- -------------------- --------- ---------- ----------
COMMISSION_PCT MANAGER_ID DEPARTMENT_ID
-------------- ---------- -------------
AMCEWEN                   011.44.1345.829268   01-AUG-04 SA_REP           9000
           .35        146            80

        159 Lindsey              Smith
LSMITH                    011.44.1345.729268   10-MAR-05 SA_REP           8000
            .3        146            80


EMPLOYEE_ID FIRST_NAME           LAST_NAME
----------- -------------------- -------------------------
EMAIL                     PHONE_NUMBER         HIRE_DATE JOB_ID         SALARY
------------------------- -------------------- --------- ---------- ----------
COMMISSION_PCT MANAGER_ID DEPARTMENT_ID
-------------- ---------- -------------
        160 Louise               Doran
LDORAN                    011.44.1345.629268   15-DEC-05 SA_REP           7500
            .3        146            80

        161 Sarath               Sewall
SSEWALL                   011.44.1345.529268   03-NOV-06 SA_REP           7000
           .25        146            80

EMPLOYEE_ID FIRST_NAME           LAST_NAME
----------- -------------------- -------------------------
EMAIL                     PHONE_NUMBER         HIRE_DATE JOB_ID         SALARY
------------------------- -------------------- --------- ---------- ----------
COMMISSION_PCT MANAGER_ID DEPARTMENT_ID
-------------- ---------- -------------

        162 Clara                Vishney
CVISHNEY                  011.44.1346.129268   11-NOV-05 SA_REP          10500
           .25        147            80

        163 Danielle             Greene
DGREENE                   011.44.1346.229268   19-MAR-07 SA_REP           9500

EMPLOYEE_ID FIRST_NAME           LAST_NAME
----------- -------------------- -------------------------
EMAIL                     PHONE_NUMBER         HIRE_DATE JOB_ID         SALARY
------------------------- -------------------- --------- ---------- ----------
COMMISSION_PCT MANAGER_ID DEPARTMENT_ID
-------------- ---------- -------------
           .15        147            80

        164 Mattea               Marvins
MMARVINS                  011.44.1346.329268   24-JAN-08 SA_REP           7200
            .1        147            80

        165 David                Lee

EMPLOYEE_ID FIRST_NAME           LAST_NAME
----------- -------------------- -------------------------
EMAIL                     PHONE_NUMBER         HIRE_DATE JOB_ID         SALARY
------------------------- -------------------- --------- ---------- ----------
COMMISSION_PCT MANAGER_ID DEPARTMENT_ID
-------------- ---------- -------------
DLEE                      011.44.1346.529268   23-FEB-08 SA_REP           6800
            .1        147            80

        166 Sundar               Ande
SANDE                     011.44.1346.629268   24-MAR-08 SA_REP           6400
            .1        147            80


EMPLOYEE_ID FIRST_NAME           LAST_NAME
----------- -------------------- -------------------------
EMAIL                     PHONE_NUMBER         HIRE_DATE JOB_ID         SALARY
------------------------- -------------------- --------- ---------- ----------
COMMISSION_PCT MANAGER_ID DEPARTMENT_ID
-------------- ---------- -------------
        167 Amit                 Banda
ABANDA                    011.44.1346.729268   21-APR-08 SA_REP           6200
            .1        147            80

        168 Lisa                 Ozer
LOZER                     011.44.1343.929268   11-MAR-05 SA_REP          11500
           .25        148            80

EMPLOYEE_ID FIRST_NAME           LAST_NAME
----------- -------------------- -------------------------
EMAIL                     PHONE_NUMBER         HIRE_DATE JOB_ID         SALARY
------------------------- -------------------- --------- ---------- ----------
COMMISSION_PCT MANAGER_ID DEPARTMENT_ID
-------------- ---------- -------------

        169 Harrison             Bloom
HBLOOM                    011.44.1343.829268   23-MAR-06 SA_REP          10000
            .2        148            80

        170 Tayler               Fox
TFOX                      011.44.1343.729268   24-JAN-06 SA_REP           9600

EMPLOYEE_ID FIRST_NAME           LAST_NAME
----------- -------------------- -------------------------
EMAIL                     PHONE_NUMBER         HIRE_DATE JOB_ID         SALARY
------------------------- -------------------- --------- ---------- ----------
COMMISSION_PCT MANAGER_ID DEPARTMENT_ID
-------------- ---------- -------------
            .2        148            80

        171 William              Smith
WSMITH                    011.44.1343.629268   23-FEB-07 SA_REP           7400
           .15        148            80

        172 Elizabeth            Bates

EMPLOYEE_ID FIRST_NAME           LAST_NAME
----------- -------------------- -------------------------
EMAIL                     PHONE_NUMBER         HIRE_DATE JOB_ID         SALARY
------------------------- -------------------- --------- ---------- ----------
COMMISSION_PCT MANAGER_ID DEPARTMENT_ID
-------------- ---------- -------------
EBATES                    011.44.1343.529268   24-MAR-07 SA_REP           7300
           .15        148            80

        173 Sundita              Kumar
SKUMAR                    011.44.1343.329268   21-APR-08 SA_REP           6100
            .1        148            80


EMPLOYEE_ID FIRST_NAME           LAST_NAME
----------- -------------------- -------------------------
EMAIL                     PHONE_NUMBER         HIRE_DATE JOB_ID         SALARY
------------------------- -------------------- --------- ---------- ----------
COMMISSION_PCT MANAGER_ID DEPARTMENT_ID
-------------- ---------- -------------
        174 Ellen                Abel
EABEL                     011.44.1644.429267   11-MAY-04 SA_REP          11000
            .3        149            80

        175 Alyssa               Hutton
AHUTTON                   011.44.1644.429266   19-MAR-05 SA_REP           8800
           .25        149            80

EMPLOYEE_ID FIRST_NAME           LAST_NAME
----------- -------------------- -------------------------
EMAIL                     PHONE_NUMBER         HIRE_DATE JOB_ID         SALARY
------------------------- -------------------- --------- ---------- ----------
COMMISSION_PCT MANAGER_ID DEPARTMENT_ID
-------------- ---------- -------------

        177 Jack                 Livingston
JLIVINGS                  011.44.1644.429264   23-APR-06 SA_REP           8400
            .2        149            80

        178 Kimberely            Grant
KGRANT                    011.44.1644.429263   24-MAY-07 SA_REP           7000

EMPLOYEE_ID FIRST_NAME           LAST_NAME
----------- -------------------- -------------------------
EMAIL                     PHONE_NUMBER         HIRE_DATE JOB_ID         SALARY
------------------------- -------------------- --------- ---------- ----------
COMMISSION_PCT MANAGER_ID DEPARTMENT_ID
-------------- ---------- -------------
           .15        149

        179 Charles              Johnson
CJOHNSON                  011.44.1644.429262   04-JAN-08 SA_REP           6200
            .1        149            80

        180 Winston              Taylor

EMPLOYEE_ID FIRST_NAME           LAST_NAME
----------- -------------------- -------------------------
EMAIL                     PHONE_NUMBER         HIRE_DATE JOB_ID         SALARY
------------------------- -------------------- --------- ---------- ----------
COMMISSION_PCT MANAGER_ID DEPARTMENT_ID
-------------- ---------- -------------
WTAYLOR                   650.507.9876         24-JAN-06 SH_CLERK         3200
                      120            50

        181 Jean                 Fleaur
JFLEAUR                   650.507.9877         23-FEB-06 SH_CLERK         3100
                      120            50


EMPLOYEE_ID FIRST_NAME           LAST_NAME
----------- -------------------- -------------------------
EMAIL                     PHONE_NUMBER         HIRE_DATE JOB_ID         SALARY
------------------------- -------------------- --------- ---------- ----------
COMMISSION_PCT MANAGER_ID DEPARTMENT_ID
-------------- ---------- -------------
        182 Martha               Sullivan
MSULLIVA                  650.507.9878         21-JUN-07 SH_CLERK         2500
                      120            50

        183 Girard               Geoni
GGEONI                    650.507.9879         03-FEB-08 SH_CLERK         2800
                      120            50

EMPLOYEE_ID FIRST_NAME           LAST_NAME
----------- -------------------- -------------------------
EMAIL                     PHONE_NUMBER         HIRE_DATE JOB_ID         SALARY
------------------------- -------------------- --------- ---------- ----------
COMMISSION_PCT MANAGER_ID DEPARTMENT_ID
-------------- ---------- -------------

        184 Nandita              Sarchand
NSARCHAN                  650.509.1876         27-JAN-04 SH_CLERK         4200
                      121            50

        185 Alexis               Bull
ABULL                     650.509.2876         20-FEB-05 SH_CLERK         4100

EMPLOYEE_ID FIRST_NAME           LAST_NAME
----------- -------------------- -------------------------
EMAIL                     PHONE_NUMBER         HIRE_DATE JOB_ID         SALARY
------------------------- -------------------- --------- ---------- ----------
COMMISSION_PCT MANAGER_ID DEPARTMENT_ID
-------------- ---------- -------------
                      121            50

        186 Julia                Dellinger
JDELLING                  650.509.3876         24-JUN-06 SH_CLERK         3400
                      121            50

        187 Anthony              Cabrio

EMPLOYEE_ID FIRST_NAME           LAST_NAME
----------- -------------------- -------------------------
EMAIL                     PHONE_NUMBER         HIRE_DATE JOB_ID         SALARY
------------------------- -------------------- --------- ---------- ----------
COMMISSION_PCT MANAGER_ID DEPARTMENT_ID
-------------- ---------- -------------
ACABRIO                   650.509.4876         07-FEB-07 SH_CLERK         3000
                      121            50

        188 Kelly                Chung
KCHUNG                    650.505.1876         14-JUN-05 SH_CLERK         3800
                      122            50


EMPLOYEE_ID FIRST_NAME           LAST_NAME
----------- -------------------- -------------------------
EMAIL                     PHONE_NUMBER         HIRE_DATE JOB_ID         SALARY
------------------------- -------------------- --------- ---------- ----------
COMMISSION_PCT MANAGER_ID DEPARTMENT_ID
-------------- ---------- -------------
        189 Jennifer             Dilly
JDILLY                    650.505.2876         13-AUG-05 SH_CLERK         3600
                      122            50

        190 Timothy              Gates
TGATES                    650.505.3876         11-JUL-06 SH_CLERK         2900
                      122            50

EMPLOYEE_ID FIRST_NAME           LAST_NAME
----------- -------------------- -------------------------
EMAIL                     PHONE_NUMBER         HIRE_DATE JOB_ID         SALARY
------------------------- -------------------- --------- ---------- ----------
COMMISSION_PCT MANAGER_ID DEPARTMENT_ID
-------------- ---------- -------------

        191 Randall              Perkins
RPERKINS                  650.505.4876         19-DEC-07 SH_CLERK         2500
                      122            50

        192 Sarah                Bell
SBELL                     650.501.1876         04-FEB-04 SH_CLERK         4000

EMPLOYEE_ID FIRST_NAME           LAST_NAME
----------- -------------------- -------------------------
EMAIL                     PHONE_NUMBER         HIRE_DATE JOB_ID         SALARY
------------------------- -------------------- --------- ---------- ----------
COMMISSION_PCT MANAGER_ID DEPARTMENT_ID
-------------- ---------- -------------
                      123            50

        193 Britney              Everett
BEVERETT                  650.501.2876         03-MAR-05 SH_CLERK         3900
                      123            50

        194 Samuel               McCain

EMPLOYEE_ID FIRST_NAME           LAST_NAME
----------- -------------------- -------------------------
EMAIL                     PHONE_NUMBER         HIRE_DATE JOB_ID         SALARY
------------------------- -------------------- --------- ---------- ----------
COMMISSION_PCT MANAGER_ID DEPARTMENT_ID
-------------- ---------- -------------
SMCCAIN                   650.501.3876         01-JUL-06 SH_CLERK         3200
                      123            50

        195 Vance                Jones
VJONES                    650.501.4876         17-MAR-07 SH_CLERK         2800
                      123            50


EMPLOYEE_ID FIRST_NAME           LAST_NAME
----------- -------------------- -------------------------
EMAIL                     PHONE_NUMBER         HIRE_DATE JOB_ID         SALARY
------------------------- -------------------- --------- ---------- ----------
COMMISSION_PCT MANAGER_ID DEPARTMENT_ID
-------------- ---------- -------------
        196 Alana                Walsh
AWALSH                    650.507.9811         24-APR-06 SH_CLERK         3100
                      124            50

        197 Kevin                Feeney
KFEENEY                   650.507.9822         23-MAY-06 SH_CLERK         3000
                      124            50

EMPLOYEE_ID FIRST_NAME           LAST_NAME
----------- -------------------- -------------------------
EMAIL                     PHONE_NUMBER         HIRE_DATE JOB_ID         SALARY
------------------------- -------------------- --------- ---------- ----------
COMMISSION_PCT MANAGER_ID DEPARTMENT_ID
-------------- ---------- -------------

        198 Donald               OConnell
DOCONNEL                  650.507.9833         21-JUN-07 SH_CLERK         2600
                      124            50

        199 Douglas              Grant
DGRANT                    650.507.9844         13-JAN-08 SH_CLERK         2600

EMPLOYEE_ID FIRST_NAME           LAST_NAME
----------- -------------------- -------------------------
EMAIL                     PHONE_NUMBER         HIRE_DATE JOB_ID         SALARY
------------------------- -------------------- --------- ---------- ----------
COMMISSION_PCT MANAGER_ID DEPARTMENT_ID
-------------- ---------- -------------
                      124            50

        202 Pat                  Fay
PFAY                      603.123.6666         17-AUG-05 MK_REP           6000
                      201            20

        203 Susan                Mavris

EMPLOYEE_ID FIRST_NAME           LAST_NAME
----------- -------------------- -------------------------
EMAIL                     PHONE_NUMBER         HIRE_DATE JOB_ID         SALARY
------------------------- -------------------- --------- ---------- ----------
COMMISSION_PCT MANAGER_ID DEPARTMENT_ID
-------------- ---------- -------------
SMAVRIS                   515.123.7777         07-JUN-02 HR_REP           6500
                      101            40

        204 Hermann              Baer
HBAER                     515.123.8888         07-JUN-02 PR_REP          10000
                      101            70


EMPLOYEE_ID FIRST_NAME           LAST_NAME
----------- -------------------- -------------------------
EMAIL                     PHONE_NUMBER         HIRE_DATE JOB_ID         SALARY
------------------------- -------------------- --------- ---------- ----------
COMMISSION_PCT MANAGER_ID DEPARTMENT_ID
-------------- ---------- -------------
        205 Shelley              Higgins
SHIGGINS                  515.123.8080         07-JUN-02 AC_MGR          12008
                      101           110

        206 William              Gietz
WGIETZ                    515.123.8181         07-JUN-02 AC_ACCOUNT       8300
                      205           110

EMPLOYEE_ID FIRST_NAME           LAST_NAME
----------- -------------------- -------------------------
EMAIL                     PHONE_NUMBER         HIRE_DATE JOB_ID         SALARY
------------------------- -------------------- --------- ---------- ----------
COMMISSION_PCT MANAGER_ID DEPARTMENT_ID
-------------- ---------- -------------


100 rows selected.

SQL> select country_name,city,count(department_id)
  2  from countries join locations using(country_id) join departments using(location_id)
  3  where department_id in
  4  (select department_id from employees
  5  group by department_id
  6  having count(department_id)>5)
  7  group by country_name,city;

COUNTRY_NAME                             CITY
---------------------------------------- ------------------------------
COUNT(DEPARTMENT_ID)
--------------------
United States of America                 Seattle
                   2

United States of America                 South San Francisco
                   1

United Kingdom                           Oxford
                   1


SQL> select first_name from employees
  2   where employee_id in
  3   (select manager_id from employees
  4   group by manager_id
  5  having count(*)>5);

FIRST_NAME
--------------------
Steven
Shanta
Karen
John
Eleni
Adam
Alberto
Kevin
Matthew
Payam
Gerald

11 rows selected.

SQL> select first_name,job_title,start_date,end_date
  2  from job_history jh join jobs j using(job_id) join employees e on(jh.employee_id=e.employee_id)
  3   where commission_pct is null;

FIRST_NAME           JOB_TITLE                           START_DAT END_DATE
-------------------- ----------------------------------- --------- ---------
Neena                Accounting Manager                  28-OCT-01 15-MAR-05
Neena                Public Accountant                   21-SEP-97 27-OCT-01
Lex                  Programmer                          13-JAN-01 24-JUL-06
Den                  Stock Clerk                         24-MAR-06 31-DEC-07
Payam                Stock Clerk                         01-JAN-07 31-DEC-07
Jennifer             Administration Assistant            17-SEP-95 17-JUN-01
Jennifer             Public Accountant                   01-JUL-02 31-DEC-06
Michael              Marketing Representative            17-FEB-04 19-DEC-07

8 rows selected.

SQL>  select * from departments
  2  where department_id in
  3  (select department_id from employees
  4  where employee_id in ( select employee_id from job_history)
  5   group by department_id
  6  having max(salary)>10000);

DEPARTMENT_ID DEPARTMENT_NAME                MANAGER_ID LOCATION_ID
------------- ------------------------------ ---------- -----------
           30 Purchasing                            114        1700
           90 Executive                             100        1700
           20 Marketing                             201        1800

SQL>  select * from jobs
  2   where job_id in
  3  (select job_id from employees where employee_id in
  4  (select employee_id from  job_history where job_id='IT_PROG'));

JOB_ID     JOB_TITLE                           MIN_SALARY MAX_SALARY
---------- ----------------------------------- ---------- ----------
AD_VP      Administration Vice President            15000      30000

SQL> select department_id,first_name,salary from employees outer where salary=
  2   (select max(salary) from employees where department_id=outer.department_id);

DEPARTMENT_ID FIRST_NAME               SALARY
------------- -------------------- ----------
          100 Nancy                     12008
           30 Den                       11000
           90 Steven                    24000
           20 Michael                   13000
           70 Hermann                   10000
          110 Shelley                   12008
           50 Adam                       8200
           80 John                      14000
           40 Susan                      6500
           60 Alexander                  9000
           10 Jennifer                   4400

11 rows selected.

SQL>  select salary
  2  from employees main
  3  where 2=(select count(distinct salary)
  4   from employees
  5   where salary>main.salary);

    SALARY
----------
     14000

SQL> select city from locations where location_id=
  2  (select location_id from departments where department_id=
  3   (select department_id from employees where employee_id=105));

CITY
------------------------------
Southlake

SQL> commit
  2  ;

Commit complete.

SQL>
